[17:28:32] [Server thread/INFO] [io.gi.su.ad.AdvancedRocketryCommunity/]: ARCE_STATION_TRANSACTION action=creation_committed station=bb22e0cf-f20d-4e63-8668-81cda7513175 owner=00000000-0000-0000-0000-000000000700 cell=0,0 region=-256,-256,255,255 inspected=289 changed=289 chunks=4 detail=generated
[17:28:32] [Server thread/INFO] [io.gi.su.ad.AdvancedRocketryCommunity/]: ARCE_STATION_TRANSACTION action=creation_committed station=d8f42b39-8739-490d-8682-12f7a2ae81b9 owner=00000000-0000-0000-0000-000000000701 cell=1,0 region=768,-256,1279,255 inspected=289 changed=289 chunks=4 detail=generated
[17:28:33] [Server thread/INFO] [io.gi.su.ad.AdvancedRocketryCommunity/]: ARCE_STATION_TRANSACTION action=creation_committed station=e66e81e1-1e4b-4bb5-ad47-ca97d94d1963 owner=00000000-0000-0000-0000-000000000702 cell=1,1 region=768,768,1279,1279 inspected=289 changed=289 chunks=4 detail=generated
[17:28:33] [Server thread/INFO] [io.gi.su.ad.AdvancedRocketryCommunity/]: ARCE_STATION_TRANSACTION action=creation_committed station=00f695ef-f464-4813-ad72-2592bf93a23a owner=00000000-0000-0000-0000-000000000703 cell=0,1 region=-256,768,255,1279 inspected=289 changed=289 chunks=4 detail=generated
[17:28:33] [Server thread/INFO] [io.gi.su.ad.AdvancedRocketryCommunity/]: ARCE_STATION_TRANSACTION action=creation_committed station=a9c91cc6-7e48-4c0d-8b35-b75835cbe01b owner=00000000-0000-0000-0000-000000000704 cell=-1,1 region=-1280,768,-769,1279 inspected=289 changed=289 chunks=4 detail=generated
[17:28:33] [Server thread/INFO] [io.gi.su.ad.AdvancedRocketryCommunity/]: ARCE_STATION_TRANSACTION action=creation_committed station=3c622837-a9c0-4339-a74d-2902b45df789 owner=00000000-0000-0000-0000-000000000705 cell=-1,0 region=-1280,-256,-769,255 inspected=289 changed=289 chunks=4 detail=generated
[17:28:33] [Server thread/INFO] [io.gi.su.ad.AdvancedRocketryCommunity/]: ARCE_STATION_TRANSACTION action=creation_committed station=adb692df-53e4-4cc6-b7db-bb8bc5c66f21 owner=00000000-0000-0000-0000-000000000706 cell=-1,-1 region=-1280,-1280,-769,-769 inspected=289 changed=289 chunks=4 detail=generated
[17:28:33] [Server thread/INFO] [io.gi.su.ad.AdvancedRocketryCommunity/]: ARCE_STATION_TRANSACTION action=creation_committed station=2741efdc-7002-4327-9d10-7c3a9a3c516b owner=00000000-0000-0000-0000-000000000707 cell=0,-1 region=-256,-1280,255,-769 inspected=289 changed=289 chunks=4 detail=generated
[17:28:33] [Server thread/INFO] [io.gi.su.ad.AdvancedRocketryCommunity/]: ARCE_STATION_TRANSACTION action=creation_committed station=a0eb70ef-d12d-414c-a51e-e32141a07695 owner=00000000-0000-0000-0000-000000000708 cell=1,-1 region=768,-1280,1279,-769 inspected=289 changed=289 chunks=4 detail=generated
[17:28:34] [Server thread/INFO] [io.gi.su.ad.AdvancedRocketryCommunity/]: ARCE_STATION_TRANSACTION action=creation_committed station=6e904704-fbe9-4158-b450-41d01caf98d4 owner=00000000-0000-0000-0000-000000000709 cell=2,-1 region=1792,-1280,2303,-769 inspected=289 changed=289 chunks=4 detail=generated
[17:28:34] [Server thread/INFO] [io.gi.su.ad.AdvancedRocketryCommunity/]: ARCE_STATION_REGION_DUMP count=10
[17:28:34] [Server thread/INFO] [io.gi.su.ad.AdvancedRocketryCommunity/]: ARCE_STATION_REGION station=a0eb70ef-d12d-414c-a51e-e32141a07695 owner=00000000-0000-0000-0000-000000000708 cell=1,-1 region=768,-1280,1279,-769 members=0
[17:28:34] [Server thread/INFO] [io.gi.su.ad.AdvancedRocketryCommunity/]: ARCE_STATION_REGION station=a9c91cc6-7e48-4c0d-8b35-b75835cbe01b owner=00000000-0000-0000-0000-000000000704 cell=-1,1 region=-1280,768,-769,1279 members=0
[17:28:34] [Server thread/INFO] [io.gi.su.ad.AdvancedRocketryCommunity/]: ARCE_STATION_REGION station=adb692df-53e4-4cc6-b7db-bb8bc5c66f21 owner=00000000-0000-0000-0000-000000000706 cell=-1,-1 region=-1280,-1280,-769,-769 members=0
[17:28:34] [Server thread/INFO] [io.gi.su.ad.AdvancedRocketryCommunity/]: ARCE_STATION_REGION station=bb22e0cf-f20d-4e63-8668-81cda7513175 owner=00000000-0000-0000-0000-000000000700 cell=0,0 region=-256,-256,255,255 members=0
[17:28:34] [Server thread/INFO] [io.gi.su.ad.AdvancedRocketryCommunity/]: ARCE_STATION_REGION station=d8f42b39-8739-490d-8682-12f7a2ae81b9 owner=00000000-0000-0000-0000-000000000701 cell=1,0 region=768,-256,1279,255 members=0
[17:28:34] [Server thread/INFO] [io.gi.su.ad.AdvancedRocketryCommunity/]: ARCE_STATION_REGION station=e66e81e1-1e4b-4bb5-ad47-ca97d94d1963 owner=00000000-0000-0000-0000-000000000702 cell=1,1 region=768,768,1279,1279 members=0
[17:28:34] [Server thread/INFO] [io.gi.su.ad.AdvancedRocketryCommunity/]: ARCE_STATION_REGION station=00f695ef-f464-4813-ad72-2592bf93a23a owner=00000000-0000-0000-0000-000000000703 cell=0,1 region=-256,768,255,1279 members=0
[17:28:34] [Server thread/INFO] [io.gi.su.ad.AdvancedRocketryCommunity/]: ARCE_STATION_REGION station=2741efdc-7002-4327-9d10-7c3a9a3c516b owner=00000000-0000-0000-0000-000000000707 cell=0,-1 region=-256,-1280,255,-769 members=0
[17:28:34] [Server thread/INFO] [io.gi.su.ad.AdvancedRocketryCommunity/]: ARCE_STATION_REGION station=3c622837-a9c0-4339-a74d-2902b45df789 owner=00000000-0000-0000-0000-000000000705 cell=-1,0 region=-1280,-256,-769,255 members=0
[17:28:34] [Server thread/INFO] [io.gi.su.ad.AdvancedRocketryCommunity/]: ARCE_STATION_REGION station=6e904704-fbe9-4158-b450-41d01caf98d4 owner=00000000-0000-0000-0000-000000000709 cell=2,-1 region=1792,-1280,2303,-769 members=0
[17:28:34] [Server thread/INFO] [io.gi.su.ad.AdvancedRocketryCommunity/]: ARCE_STATION_ACCESS action=transfer station=bb22e0cf-f20d-4e63-8668-81cda7513175 actor=00000000-0000-0000-0000-000000000007 subject=00000000-0000-0000-0000-0000000007ff allowed=true
[17:28:35] [Server thread/INFO] [io.gi.su.ad.AdvancedRocketryCommunity/]: ARCE_ROCKET_SCAN_QUEUED operation=assemble dimension=minecraft:overworld assembler=384, 100, 384 owner=00000000-0000-0000-0000-000000000005
[17:28:35] [Server thread/INFO] [io.gi.su.ad.AdvancedRocketryCommunity/]: ARCE_ROCKET_TRANSACTION operation=assembly code=SUCCESS blocks=5 snapshot=95dc76f9b2dce3d9654433ba11a2a2b5691c0e7c91a211b365208c7e85b3f322 entity=7a638421-3725-4d29-8115-9e90439b0330
[17:28:36] [Server thread/INFO] [io.gi.su.ad.AdvancedRocketryCommunity/]: ARCE_ROCKET_ENTITY_ACTIVE entity=7a638421-3725-4d29-8115-9e90439b0330 operational=true snapshot=95dc76f9b2dce3d9654433ba11a2a2b5691c0e7c91a211b365208c7e85b3f322 flight_state=ASSEMBLED fuel=0
[17:28:36] [Server thread/INFO] [io.gi.su.ad.AdvancedRocketryCommunity/]: ARCE_RELEASE_TEST_FLIGHT_REPORT entity=7a638421-3725-4d29-8115-9e90439b0330 logical=7e18480e-6bc3-43b2-ba70-e6c5e8478a83 snapshot=95dc76f9b2dce3d9654433ba11a2a2b5691c0e7c91a211b365208c7e85b3f322 dimension=minecraft:overworld state=ASSEMBLED fuel=0 capacity=1000 passengers=0 transfer=none origin=384,101,384 blocks=5
[17:28:36] [Server thread/INFO] [io.gi.su.ad.AdvancedRocketryCommunity/]: ARCE_RELEASE_TEST_REFUEL entity=7a638421-3725-4d29-8115-9e90439b0330 logical=7e18480e-6bc3-43b2-ba70-e6c5e8478a83 dimension=minecraft:overworld state_before=ASSEMBLED state_after=FUELED amount=1000 capacity=1000
[17:28:36] [Server thread/INFO] [io.gi.su.ad.AdvancedRocketryCommunity/]: ARCE_TRANSFER_PREPARE transfer=3c1742f1-cdcb-4f10-93da-1d192ff314d2 logical=7e18480e-6bc3-43b2-ba70-e6c5e8478a83 source=minecraft:overworld destination=advancedrocketrycommunity:space code=SUCCESS candidates=1 chunks=2 detail=selected
[17:28:36] [Server thread/INFO] [io.gi.su.ad.AdvancedRocketryCommunity/]: ARCE_RELEASE_TEST_STATION_LAUNCH request=3c1742f1-cdcb-4f10-93da-1d192ff314d2 entity=7a638421-3725-4d29-8115-9e90439b0330 logical=7e18480e-6bc3-43b2-ba70-e6c5e8478a83 source=minecraft:overworld station=bb22e0cf-f20d-4e63-8668-81cda7513175 code=SUCCESS required_fuel=330 fuel_before=1000
[17:28:39] [Server thread/INFO] [io.gi.su.ad.AdvancedRocketryCommunity/]: ARCE_TRANSFER_PHASE transfer=3c1742f1-cdcb-4f10-93da-1d192ff314d2 logical=7e18480e-6bc3-43b2-ba70-e6c5e8478a83 phase=PREPARED event=countdown_complete entity=7a638421-3725-4d29-8115-9e90439b0330 fuel_before=1000 fuel_after=670 required=330
[17:28:43] [Server thread/INFO] [io.gi.su.ad.AdvancedRocketryCommunity/]: ARCE_TRANSFER_PHASE transfer=3c1742f1-cdcb-4f10-93da-1d192ff314d2 logical=7e18480e-6bc3-43b2-ba70-e6c5e8478a83 phase=PREPARED event=ascent_complete entity=7a638421-3725-4d29-8115-9e90439b0330 fuel_before=1000 fuel_after=670 required=330
[17:28:44] [Server thread/INFO] [io.gi.su.ad.AdvancedRocketryCommunity/]: ARCE_TRANSFER_PHASE transfer=3c1742f1-cdcb-4f10-93da-1d192ff314d2 logical=7e18480e-6bc3-43b2-ba70-e6c5e8478a83 phase=DESTINATION_SPAWNED event=destination_spawned entity=ba2a9c3e-4a02-4c7f-bfed-3146578f2cf9 fuel_before=1000 fuel_after=670 required=330
[17:28:44] [Server thread/INFO] [io.gi.su.ad.AdvancedRocketryCommunity/]: ARCE_ROCKET_ENTITY_ACTIVE entity=ba2a9c3e-4a02-4c7f-bfed-3146578f2cf9 operational=true snapshot=5375ffb126ecd0352cdc2ef5089d0165b6dfe050d5d839ba04469d83dce729f7 flight_state=DESCENT fuel=670
[17:28:44] [Server thread/INFO] [io.gi.su.ad.AdvancedRocketryCommunity/]: ARCE_TRANSFER_PHASE transfer=3c1742f1-cdcb-4f10-93da-1d192ff314d2 logical=7e18480e-6bc3-43b2-ba70-e6c5e8478a83 phase=PASSENGERS_TRANSFERRED event=passengers_transferred entity=ba2a9c3e-4a02-4c7f-bfed-3146578f2cf9 fuel_before=1000 fuel_after=670 required=330
[17:28:44] [Server thread/INFO] [io.gi.su.ad.AdvancedRocketryCommunity/]: ARCE_ROCKET_ENTITY_REMOVED entity=7a638421-3725-4d29-8115-9e90439b0330 reason=DISCARDED operational=true
[17:28:44] [Server thread/INFO] [io.gi.su.ad.AdvancedRocketryCommunity/]: ARCE_TRANSFER_PHASE transfer=3c1742f1-cdcb-4f10-93da-1d192ff314d2 logical=7e18480e-6bc3-43b2-ba70-e6c5e8478a83 phase=SOURCE_REMOVED event=source_removed entity=ba2a9c3e-4a02-4c7f-bfed-3146578f2cf9 fuel_before=1000 fuel_after=670 required=330
[17:28:44] [Server thread/INFO] [io.gi.su.ad.AdvancedRocketryCommunity/]: ARCE_TRANSFER_PHASE transfer=3c1742f1-cdcb-4f10-93da-1d192ff314d2 logical=7e18480e-6bc3-43b2-ba70-e6c5e8478a83 phase=COMMITTED event=committed entity=ba2a9c3e-4a02-4c7f-bfed-3146578f2cf9 fuel_before=1000 fuel_after=670 required=330
[17:28:48] [Server thread/INFO] [io.gi.su.ad.AdvancedRocketryCommunity/]: ARCE_TRANSFER_PHASE transfer=3c1742f1-cdcb-4f10-93da-1d192ff314d2 logical=7e18480e-6bc3-43b2-ba70-e6c5e8478a83 phase=COMMITTED event=landing_complete entity=ba2a9c3e-4a02-4c7f-bfed-3146578f2cf9 fuel_before=1000 fuel_after=670 required=330
[17:28:48] [Server thread/INFO] [io.gi.su.ad.AdvancedRocketryCommunity/]: ARCE_TRANSFER_PHASE transfer=3c1742f1-cdcb-4f10-93da-1d192ff314d2 logical=7e18480e-6bc3-43b2-ba70-e6c5e8478a83 phase=COMMITTED event=landed_reservation_retained entity=ba2a9c3e-4a02-4c7f-bfed-3146578f2cf9 fuel_before=1000 fuel_after=670 required=330
[17:28:48] [Server thread/INFO] [io.gi.su.ad.AdvancedRocketryCommunity/]: ARCE_RELEASE_TEST_FLIGHT_REPORT entity=ba2a9c3e-4a02-4c7f-bfed-3146578f2cf9 logical=7e18480e-6bc3-43b2-ba70-e6c5e8478a83 snapshot=5375ffb126ecd0352cdc2ef5089d0165b6dfe050d5d839ba04469d83dce729f7 dimension=advancedrocketrycommunity:space state=LANDED fuel=670 capacity=1000 passengers=0 transfer=none origin=0,128,0 blocks=5
[17:28:48] [Server thread/INFO] [io.gi.su.ad.AdvancedRocketryCommunity/]: ARCE_RELEASE_TEST_REFUEL entity=ba2a9c3e-4a02-4c7f-bfed-3146578f2cf9 logical=7e18480e-6bc3-43b2-ba70-e6c5e8478a83 dimension=advancedrocketrycommunity:space state_before=LANDED state_after=FUELED amount=1000 capacity=1000
[17:28:48] [Server thread/INFO] [io.gi.su.ad.AdvancedRocketryCommunity/]: ARCE_TRANSFER_PREPARE transfer=2bc1a1c6-c53c-44aa-8ff8-01b4dbe6fe6f logical=7e18480e-6bc3-43b2-ba70-e6c5e8478a83 source=advancedrocketrycommunity:space destination=minecraft:overworld code=SUCCESS candidates=3 chunks=6 detail=selected
[17:28:48] [Server thread/INFO] [io.gi.su.ad.AdvancedRocketryCommunity/]: ARCE_RELEASE_TEST_LAUNCH request=2bc1a1c6-c53c-44aa-8ff8-01b4dbe6fe6f entity=ba2a9c3e-4a02-4c7f-bfed-3146578f2cf9 logical=7e18480e-6bc3-43b2-ba70-e6c5e8478a83 source=advancedrocketrycommunity:space destination=minecraft:overworld checkpoint=none code=SUCCESS required_fuel=330 fuel_before=1000
[17:28:51] [Server thread/INFO] [io.gi.su.ad.AdvancedRocketryCommunity/]: ARCE_TRANSFER_PHASE transfer=2bc1a1c6-c53c-44aa-8ff8-01b4dbe6fe6f logical=7e18480e-6bc3-43b2-ba70-e6c5e8478a83 phase=PREPARED event=countdown_complete entity=ba2a9c3e-4a02-4c7f-bfed-3146578f2cf9 fuel_before=1000 fuel_after=670 required=330
[17:28:55] [Server thread/INFO] [io.gi.su.ad.AdvancedRocketryCommunity/]: ARCE_TRANSFER_PHASE transfer=2bc1a1c6-c53c-44aa-8ff8-01b4dbe6fe6f logical=7e18480e-6bc3-43b2-ba70-e6c5e8478a83 phase=PREPARED event=ascent_complete entity=ba2a9c3e-4a02-4c7f-bfed-3146578f2cf9 fuel_before=1000 fuel_after=670 required=330
[17:28:56] [Server thread/INFO] [io.gi.su.ad.AdvancedRocketryCommunity/]: ARCE_TRANSFER_PHASE transfer=2bc1a1c6-c53c-44aa-8ff8-01b4dbe6fe6f logical=7e18480e-6bc3-43b2-ba70-e6c5e8478a83 phase=DESTINATION_SPAWNED event=destination_spawned entity=a50b01ab-432e-4777-844b-ffe4cfcc0d80 fuel_before=1000 fuel_after=670 required=330
[17:28:56] [Server thread/INFO] [io.gi.su.ad.AdvancedRocketryCommunity/]: ARCE_ROCKET_ENTITY_ACTIVE entity=a50b01ab-432e-4777-844b-ffe4cfcc0d80 operational=true snapshot=3112f758448c8eb683b017f598f82ef33a198f7580993c9c8787dc7f176a6fa9 flight_state=DESCENT fuel=670
[17:28:56] [Server thread/INFO] [io.gi.su.ad.AdvancedRocketryCommunity/]: ARCE_TRANSFER_PHASE transfer=2bc1a1c6-c53c-44aa-8ff8-01b4dbe6fe6f logical=7e18480e-6bc3-43b2-ba70-e6c5e8478a83 phase=PASSENGERS_TRANSFERRED event=passengers_transferred entity=a50b01ab-432e-4777-844b-ffe4cfcc0d80 fuel_before=1000 fuel_after=670 required=330
[17:28:56] [Server thread/INFO] [io.gi.su.ad.AdvancedRocketryCommunity/]: ARCE_ROCKET_ENTITY_REMOVED entity=ba2a9c3e-4a02-4c7f-bfed-3146578f2cf9 reason=DISCARDED operational=true
[17:28:56] [Server thread/INFO] [io.gi.su.ad.AdvancedRocketryCommunity/]: ARCE_TRANSFER_PHASE transfer=2bc1a1c6-c53c-44aa-8ff8-01b4dbe6fe6f logical=7e18480e-6bc3-43b2-ba70-e6c5e8478a83 phase=SOURCE_REMOVED event=source_removed entity=a50b01ab-432e-4777-844b-ffe4cfcc0d80 fuel_before=1000 fuel_after=670 required=330
[17:28:56] [Server thread/INFO] [io.gi.su.ad.AdvancedRocketryCommunity/]: ARCE_TRANSFER_PHASE transfer=2bc1a1c6-c53c-44aa-8ff8-01b4dbe6fe6f logical=7e18480e-6bc3-43b2-ba70-e6c5e8478a83 phase=COMMITTED event=committed entity=a50b01ab-432e-4777-844b-ffe4cfcc0d80 fuel_before=1000 fuel_after=670 required=330
[17:29:00] [Server thread/INFO] [io.gi.su.ad.AdvancedRocketryCommunity/]: ARCE_TRANSFER_PHASE transfer=2bc1a1c6-c53c-44aa-8ff8-01b4dbe6fe6f logical=7e18480e-6bc3-43b2-ba70-e6c5e8478a83 phase=COMMITTED event=landing_complete entity=a50b01ab-432e-4777-844b-ffe4cfcc0d80 fuel_before=1000 fuel_after=670 required=330
[17:29:00] [Server thread/INFO] [io.gi.su.ad.AdvancedRocketryCommunity/]: ARCE_TRANSFER_PHASE transfer=2bc1a1c6-c53c-44aa-8ff8-01b4dbe6fe6f logical=7e18480e-6bc3-43b2-ba70-e6c5e8478a83 phase=COMMITTED event=landed_reservation_retained entity=a50b01ab-432e-4777-844b-ffe4cfcc0d80 fuel_before=1000 fuel_after=670 required=330
[17:29:00] [Server thread/INFO] [io.gi.su.ad.AdvancedRocketryCommunity/]: ARCE_RELEASE_TEST_FLIGHT_REPORT entity=a50b01ab-432e-4777-844b-ffe4cfcc0d80 logical=7e18480e-6bc3-43b2-ba70-e6c5e8478a83 snapshot=3112f758448c8eb683b017f598f82ef33a198f7580993c9c8787dc7f176a6fa9 dimension=minecraft:overworld state=LANDED fuel=670 capacity=1000 passengers=0 transfer=none origin=336,63,0 blocks=5
[17:29:00] [Server thread/INFO] [io.gi.su.ad.AdvancedRocketryCommunity/]: ARCE_RELEASE_TEST_REFUEL entity=a50b01ab-432e-4777-844b-ffe4cfcc0d80 logical=7e18480e-6bc3-43b2-ba70-e6c5e8478a83 dimension=minecraft:overworld state_before=LANDED state_after=FUELED amount=1000 capacity=1000
[17:29:00] [Server thread/INFO] [io.gi.su.ad.AdvancedRocketryCommunity/]: ARCE_TRANSFER_PREPARE transfer=94a87523-ef9a-44a6-b0ac-294c2ae7f1be logical=7e18480e-6bc3-43b2-ba70-e6c5e8478a83 source=minecraft:overworld destination=advancedrocketrycommunity:moon code=SUCCESS candidates=1 chunks=1 detail=selected
[17:29:00] [Server thread/INFO] [io.gi.su.ad.AdvancedRocketryCommunity/]: ARCE_RELEASE_TEST_LAUNCH request=94a87523-ef9a-44a6-b0ac-294c2ae7f1be entity=a50b01ab-432e-4777-844b-ffe4cfcc0d80 logical=7e18480e-6bc3-43b2-ba70-e6c5e8478a83 source=minecraft:overworld destination=advancedrocketrycommunity:moon checkpoint=none code=SUCCESS required_fuel=372 fuel_before=1000
[17:29:03] [Server thread/INFO] [io.gi.su.ad.AdvancedRocketryCommunity/]: ARCE_TRANSFER_PHASE transfer=94a87523-ef9a-44a6-b0ac-294c2ae7f1be logical=7e18480e-6bc3-43b2-ba70-e6c5e8478a83 phase=PREPARED event=countdown_complete entity=a50b01ab-432e-4777-844b-ffe4cfcc0d80 fuel_before=1000 fuel_after=628 required=372
[17:29:07] [Server thread/INFO] [io.gi.su.ad.AdvancedRocketryCommunity/]: ARCE_TRANSFER_PHASE transfer=94a87523-ef9a-44a6-b0ac-294c2ae7f1be logical=7e18480e-6bc3-43b2-ba70-e6c5e8478a83 phase=PREPARED event=ascent_complete entity=a50b01ab-432e-4777-844b-ffe4cfcc0d80 fuel_before=1000 fuel_after=628 required=372
[17:29:08] [Server thread/INFO] [io.gi.su.ad.AdvancedRocketryCommunity/]: ARCE_TRANSFER_PHASE transfer=94a87523-ef9a-44a6-b0ac-294c2ae7f1be logical=7e18480e-6bc3-43b2-ba70-e6c5e8478a83 phase=DESTINATION_SPAWNED event=destination_spawned entity=dc2fc440-bf5f-4354-8de5-560fcaf5baea fuel_before=1000 fuel_after=628 required=372
[17:29:08] [Server thread/INFO] [io.gi.su.ad.AdvancedRocketryCommunity/]: ARCE_TRANSFER_PHASE transfer=94a87523-ef9a-44a6-b0ac-294c2ae7f1be logical=7e18480e-6bc3-43b2-ba70-e6c5e8478a83 phase=PASSENGERS_TRANSFERRED event=passengers_transferred entity=dc2fc440-bf5f-4354-8de5-560fcaf5baea fuel_before=1000 fuel_after=628 required=372
[17:29:08] [Server thread/INFO] [io.gi.su.ad.AdvancedRocketryCommunity/]: ARCE_ROCKET_ENTITY_REMOVED entity=a50b01ab-432e-4777-844b-ffe4cfcc0d80 reason=DISCARDED operational=true
[17:29:08] [Server thread/INFO] [io.gi.su.ad.AdvancedRocketryCommunity/]: ARCE_TRANSFER_PHASE transfer=94a87523-ef9a-44a6-b0ac-294c2ae7f1be logical=7e18480e-6bc3-43b2-ba70-e6c5e8478a83 phase=SOURCE_REMOVED event=source_removed entity=dc2fc440-bf5f-4354-8de5-560fcaf5baea fuel_before=1000 fuel_after=628 required=372
[17:29:08] [Server thread/INFO] [io.gi.su.ad.AdvancedRocketryCommunity/]: ARCE_TRANSFER_PHASE transfer=94a87523-ef9a-44a6-b0ac-294c2ae7f1be logical=7e18480e-6bc3-43b2-ba70-e6c5e8478a83 phase=COMMITTED event=committed entity=dc2fc440-bf5f-4354-8de5-560fcaf5baea fuel_before=1000 fuel_after=628 required=372
[17:29:12] [Server thread/INFO] [io.gi.su.ad.AdvancedRocketryCommunity/]: ARCE_TRANSFER_PHASE transfer=94a87523-ef9a-44a6-b0ac-294c2ae7f1be logical=7e18480e-6bc3-43b2-ba70-e6c5e8478a83 phase=COMMITTED event=landing_complete entity=dc2fc440-bf5f-4354-8de5-560fcaf5baea fuel_before=1000 fuel_after=628 required=372
[17:29:12] [Server thread/INFO] [io.gi.su.ad.AdvancedRocketryCommunity/]: ARCE_TRANSFER_PHASE transfer=94a87523-ef9a-44a6-b0ac-294c2ae7f1be logical=7e18480e-6bc3-43b2-ba70-e6c5e8478a83 phase=COMMITTED event=landed_reservation_retained entity=dc2fc440-bf5f-4354-8de5-560fcaf5baea fuel_before=1000 fuel_after=628 required=372
[17:29:12] [Server thread/INFO] [io.gi.su.ad.AdvancedRocketryCommunity/]: ARCE_RELEASE_TEST_FLIGHT_REPORT entity=dc2fc440-bf5f-4354-8de5-560fcaf5baea logical=7e18480e-6bc3-43b2-ba70-e6c5e8478a83 snapshot=a3a7654ac7ffe66ddad69b7d264a7a95a616c245765d1e8c5aa0f5294081e6b9 dimension=advancedrocketrycommunity:moon state=LANDED fuel=628 capacity=1000 passengers=0 transfer=none origin=8,80,8 blocks=5
[17:29:12] [Server thread/INFO] [io.gi.su.ad.AdvancedRocketryCommunity/]: ARCE_RELEASE_TEST_REFUEL entity=dc2fc440-bf5f-4354-8de5-560fcaf5baea logical=7e18480e-6bc3-43b2-ba70-e6c5e8478a83 dimension=advancedrocketrycommunity:moon state_before=LANDED state_after=FUELED amount=1000 capacity=1000
[17:29:12] [Server thread/INFO] [io.gi.su.ad.AdvancedRocketryCommunity/]: ARCE_TRANSFER_PREPARE transfer=39bee7a9-cf61-42e7-ab64-26b9fd4ccaed logical=7e18480e-6bc3-43b2-ba70-e6c5e8478a83 source=advancedrocketrycommunity:moon destination=advancedrocketrycommunity:space code=SUCCESS candidates=1 chunks=2 detail=selected
[17:29:12] [Server thread/INFO] [io.gi.su.ad.AdvancedRocketryCommunity/]: ARCE_RELEASE_TEST_STATION_LAUNCH request=39bee7a9-cf61-42e7-ab64-26b9fd4ccaed entity=dc2fc440-bf5f-4354-8de5-560fcaf5baea logical=7e18480e-6bc3-43b2-ba70-e6c5e8478a83 source=advancedrocketrycommunity:moon station=d8f42b39-8739-490d-8682-12f7a2ae81b9 code=SUCCESS required_fuel=247 fuel_before=1000
[17:29:15] [Server thread/INFO] [io.gi.su.ad.AdvancedRocketryCommunity/]: ARCE_TRANSFER_PHASE transfer=39bee7a9-cf61-42e7-ab64-26b9fd4ccaed logical=7e18480e-6bc3-43b2-ba70-e6c5e8478a83 phase=PREPARED event=countdown_complete entity=dc2fc440-bf5f-4354-8de5-560fcaf5baea fuel_before=1000 fuel_after=753 required=247
[17:29:19] [Server thread/INFO] [io.gi.su.ad.AdvancedRocketryCommunity/]: ARCE_TRANSFER_PHASE transfer=39bee7a9-cf61-42e7-ab64-26b9fd4ccaed logical=7e18480e-6bc3-43b2-ba70-e6c5e8478a83 phase=PREPARED event=ascent_complete entity=dc2fc440-bf5f-4354-8de5-560fcaf5baea fuel_before=1000 fuel_after=753 required=247
[17:29:20] [Server thread/INFO] [io.gi.su.ad.AdvancedRocketryCommunity/]: ARCE_TRANSFER_PHASE transfer=39bee7a9-cf61-42e7-ab64-26b9fd4ccaed logical=7e18480e-6bc3-43b2-ba70-e6c5e8478a83 phase=DESTINATION_SPAWNED event=destination_spawned entity=2cf46725-b676-4f03-9913-14c3decb2004 fuel_before=1000 fuel_after=753 required=247
[17:29:20] [Server thread/INFO] [io.gi.su.ad.AdvancedRocketryCommunity/]: ARCE_TRANSFER_PHASE transfer=39bee7a9-cf61-42e7-ab64-26b9fd4ccaed logical=7e18480e-6bc3-43b2-ba70-e6c5e8478a83 phase=PASSENGERS_TRANSFERRED event=passengers_transferred entity=2cf46725-b676-4f03-9913-14c3decb2004 fuel_before=1000 fuel_after=753 required=247
[17:29:20] [Server thread/INFO] [io.gi.su.ad.AdvancedRocketryCommunity/]: ARCE_ROCKET_ENTITY_REMOVED entity=dc2fc440-bf5f-4354-8de5-560fcaf5baea reason=DISCARDED operational=true
[17:29:20] [Server thread/INFO] [io.gi.su.ad.AdvancedRocketryCommunity/]: ARCE_TRANSFER_PHASE transfer=39bee7a9-cf61-42e7-ab64-26b9fd4ccaed logical=7e18480e-6bc3-43b2-ba70-e6c5e8478a83 phase=SOURCE_REMOVED event=source_removed entity=2cf46725-b676-4f03-9913-14c3decb2004 fuel_before=1000 fuel_after=753 required=247
[17:29:20] [Server thread/INFO] [io.gi.su.ad.AdvancedRocketryCommunity/]: ARCE_TRANSFER_PHASE transfer=39bee7a9-cf61-42e7-ab64-26b9fd4ccaed logical=7e18480e-6bc3-43b2-ba70-e6c5e8478a83 phase=COMMITTED event=committed entity=2cf46725-b676-4f03-9913-14c3decb2004 fuel_before=1000 fuel_after=753 required=247
[17:29:24] [Server thread/INFO] [io.gi.su.ad.AdvancedRocketryCommunity/]: ARCE_TRANSFER_PHASE transfer=39bee7a9-cf61-42e7-ab64-26b9fd4ccaed logical=7e18480e-6bc3-43b2-ba70-e6c5e8478a83 phase=COMMITTED event=landing_complete entity=2cf46725-b676-4f03-9913-14c3decb2004 fuel_before=1000 fuel_after=753 required=247
[17:29:24] [Server thread/INFO] [io.gi.su.ad.AdvancedRocketryCommunity/]: ARCE_TRANSFER_PHASE transfer=39bee7a9-cf61-42e7-ab64-26b9fd4ccaed logical=7e18480e-6bc3-43b2-ba70-e6c5e8478a83 phase=COMMITTED event=landed_reservation_retained entity=2cf46725-b676-4f03-9913-14c3decb2004 fuel_before=1000 fuel_after=753 required=247
[17:29:24] [Server thread/INFO] [io.gi.su.ad.AdvancedRocketryCommunity/]: ARCE_RELEASE_TEST_FLIGHT_REPORT entity=2cf46725-b676-4f03-9913-14c3decb2004 logical=7e18480e-6bc3-43b2-ba70-e6c5e8478a83 snapshot=8539dd286d385c2ecdeb4d6a20a5315f8722de7f766cdf57f6c9ba9652a96e94 dimension=advancedrocketrycommunity:space state=LANDED fuel=753 capacity=1000 passengers=0 transfer=none origin=1024,128,0 blocks=5
[17:29:24] [Server thread/INFO] [io.gi.su.ad.AdvancedRocketryCommunity/]: ARCE_RELEASE_TEST_REFUEL entity=2cf46725-b676-4f03-9913-14c3decb2004 logical=7e18480e-6bc3-43b2-ba70-e6c5e8478a83 dimension=advancedrocketrycommunity:space state_before=LANDED state_after=FUELED amount=1000 capacity=1000
[17:29:24] [Server thread/INFO] [io.gi.su.ad.AdvancedRocketryCommunity/]: ARCE_TRANSFER_PREPARE transfer=ff973977-a018-4d3e-9cea-d4b4c37ec61f logical=7e18480e-6bc3-43b2-ba70-e6c5e8478a83 source=advancedrocketrycommunity:space destination=advancedrocketrycommunity:moon code=SUCCESS candidates=1 chunks=1 detail=selected
[17:29:24] [Server thread/INFO] [io.gi.su.ad.AdvancedRocketryCommunity/]: ARCE_RELEASE_TEST_LAUNCH request=ff973977-a018-4d3e-9cea-d4b4c37ec61f entity=2cf46725-b676-4f03-9913-14c3decb2004 logical=7e18480e-6bc3-43b2-ba70-e6c5e8478a83 source=advancedrocketrycommunity:space destination=advancedrocketrycommunity:moon checkpoint=none code=SUCCESS required_fuel=247 fuel_before=1000
[17:29:27] [Server thread/INFO] [io.gi.su.ad.AdvancedRocketryCommunity/]: ARCE_TRANSFER_PHASE transfer=ff973977-a018-4d3e-9cea-d4b4c37ec61f logical=7e18480e-6bc3-43b2-ba70-e6c5e8478a83 phase=PREPARED event=countdown_complete entity=2cf46725-b676-4f03-9913-14c3decb2004 fuel_before=1000 fuel_after=753 required=247
[17:29:31] [Server thread/INFO] [io.gi.su.ad.AdvancedRocketryCommunity/]: ARCE_TRANSFER_PHASE transfer=ff973977-a018-4d3e-9cea-d4b4c37ec61f logical=7e18480e-6bc3-43b2-ba70-e6c5e8478a83 phase=PREPARED event=ascent_complete entity=2cf46725-b676-4f03-9913-14c3decb2004 fuel_before=1000 fuel_after=753 required=247
[17:29:32] [Server thread/INFO] [io.gi.su.ad.AdvancedRocketryCommunity/]: ARCE_TRANSFER_PHASE transfer=ff973977-a018-4d3e-9cea-d4b4c37ec61f logical=7e18480e-6bc3-43b2-ba70-e6c5e8478a83 phase=DESTINATION_SPAWNED event=destination_spawned entity=3c3386cb-7d6b-47ae-af58-a768168d2d2a fuel_before=1000 fuel_after=753 required=247
[17:29:32] [Server thread/INFO] [io.gi.su.ad.AdvancedRocketryCommunity/]: ARCE_TRANSFER_PHASE transfer=ff973977-a018-4d3e-9cea-d4b4c37ec61f logical=7e18480e-6bc3-43b2-ba70-e6c5e8478a83 phase=PASSENGERS_TRANSFERRED event=passengers_transferred entity=3c3386cb-7d6b-47ae-af58-a768168d2d2a fuel_before=1000 fuel_after=753 required=247
[17:29:32] [Server thread/INFO] [io.gi.su.ad.AdvancedRocketryCommunity/]: ARCE_ROCKET_ENTITY_REMOVED entity=2cf46725-b676-4f03-9913-14c3decb2004 reason=DISCARDED operational=true
[17:29:32] [Server thread/INFO] [io.gi.su.ad.AdvancedRocketryCommunity/]: ARCE_TRANSFER_PHASE transfer=ff973977-a018-4d3e-9cea-d4b4c37ec61f logical=7e18480e-6bc3-43b2-ba70-e6c5e8478a83 phase=SOURCE_REMOVED event=source_removed entity=3c3386cb-7d6b-47ae-af58-a768168d2d2a fuel_before=1000 fuel_after=753 required=247
[17:29:32] [Server thread/INFO] [io.gi.su.ad.AdvancedRocketryCommunity/]: ARCE_TRANSFER_PHASE transfer=ff973977-a018-4d3e-9cea-d4b4c37ec61f logical=7e18480e-6bc3-43b2-ba70-e6c5e8478a83 phase=COMMITTED event=committed entity=3c3386cb-7d6b-47ae-af58-a768168d2d2a fuel_before=1000 fuel_after=753 required=247
[17:29:36] [Server thread/INFO] [io.gi.su.ad.AdvancedRocketryCommunity/]: ARCE_TRANSFER_PHASE transfer=ff973977-a018-4d3e-9cea-d4b4c37ec61f logical=7e18480e-6bc3-43b2-ba70-e6c5e8478a83 phase=COMMITTED event=landing_complete entity=3c3386cb-7d6b-47ae-af58-a768168d2d2a fuel_before=1000 fuel_after=753 required=247
[17:29:36] [Server thread/INFO] [io.gi.su.ad.AdvancedRocketryCommunity/]: ARCE_TRANSFER_PHASE transfer=ff973977-a018-4d3e-9cea-d4b4c37ec61f logical=7e18480e-6bc3-43b2-ba70-e6c5e8478a83 phase=COMMITTED event=landed_reservation_retained entity=3c3386cb-7d6b-47ae-af58-a768168d2d2a fuel_before=1000 fuel_after=753 required=247
[17:29:36] [Server thread/INFO] [io.gi.su.ad.AdvancedRocketryCommunity/]: ARCE_RELEASE_TEST_FLIGHT_REPORT entity=3c3386cb-7d6b-47ae-af58-a768168d2d2a logical=7e18480e-6bc3-43b2-ba70-e6c5e8478a83 snapshot=a3a7654ac7ffe66ddad69b7d264a7a95a616c245765d1e8c5aa0f5294081e6b9 dimension=advancedrocketrycommunity:moon state=LANDED fuel=753 capacity=1000 passengers=0 transfer=none origin=8,80,8 blocks=5
[17:29:36] [Server thread/INFO] [io.gi.su.ad.AdvancedRocketryCommunity/]: ARCE_RELEASE_TEST_REFUEL entity=3c3386cb-7d6b-47ae-af58-a768168d2d2a logical=7e18480e-6bc3-43b2-ba70-e6c5e8478a83 dimension=advancedrocketrycommunity:moon state_before=LANDED state_after=FUELED amount=1000 capacity=1000
[17:29:36] [Server thread/INFO] [io.gi.su.ad.AdvancedRocketryCommunity/]: ARCE_TRANSFER_PREPARE transfer=0730149e-94f5-4a52-bba4-a9bc96cd9ee3 logical=7e18480e-6bc3-43b2-ba70-e6c5e8478a83 source=advancedrocketrycommunity:moon destination=minecraft:overworld code=SUCCESS candidates=3 chunks=6 detail=selected
[17:29:36] [Server thread/INFO] [io.gi.su.ad.AdvancedRocketryCommunity/]: ARCE_RELEASE_TEST_LAUNCH request=0730149e-94f5-4a52-bba4-a9bc96cd9ee3 entity=3c3386cb-7d6b-47ae-af58-a768168d2d2a logical=7e18480e-6bc3-43b2-ba70-e6c5e8478a83 source=advancedrocketrycommunity:moon destination=minecraft:overworld checkpoint=none code=SUCCESS required_fuel=372 fuel_before=1000
[17:29:39] [Server thread/INFO] [io.gi.su.ad.AdvancedRocketryCommunity/]: ARCE_TRANSFER_PHASE transfer=0730149e-94f5-4a52-bba4-a9bc96cd9ee3 logical=7e18480e-6bc3-43b2-ba70-e6c5e8478a83 phase=PREPARED event=countdown_complete entity=3c3386cb-7d6b-47ae-af58-a768168d2d2a fuel_before=1000 fuel_after=628 required=372
[17:29:43] [Server thread/INFO] [io.gi.su.ad.AdvancedRocketryCommunity/]: ARCE_TRANSFER_PHASE transfer=0730149e-94f5-4a52-bba4-a9bc96cd9ee3 logical=7e18480e-6bc3-43b2-ba70-e6c5e8478a83 phase=PREPARED event=ascent_complete entity=3c3386cb-7d6b-47ae-af58-a768168d2d2a fuel_before=1000 fuel_after=628 required=372
[17:29:44] [Server thread/INFO] [io.gi.su.ad.AdvancedRocketryCommunity/]: ARCE_TRANSFER_PHASE transfer=0730149e-94f5-4a52-bba4-a9bc96cd9ee3 logical=7e18480e-6bc3-43b2-ba70-e6c5e8478a83 phase=DESTINATION_SPAWNED event=destination_spawned entity=cf259663-78e3-49e0-9150-4614adc1b44c fuel_before=1000 fuel_after=628 required=372
[17:29:44] [Server thread/INFO] [io.gi.su.ad.AdvancedRocketryCommunity/]: ARCE_ROCKET_ENTITY_ACTIVE entity=cf259663-78e3-49e0-9150-4614adc1b44c operational=true snapshot=3112f758448c8eb683b017f598f82ef33a198f7580993c9c8787dc7f176a6fa9 flight_state=DESCENT fuel=628
[17:29:44] [Server thread/INFO] [io.gi.su.ad.AdvancedRocketryCommunity/]: ARCE_TRANSFER_PHASE transfer=0730149e-94f5-4a52-bba4-a9bc96cd9ee3 logical=7e18480e-6bc3-43b2-ba70-e6c5e8478a83 phase=PASSENGERS_TRANSFERRED event=passengers_transferred entity=cf259663-78e3-49e0-9150-4614adc1b44c fuel_before=1000 fuel_after=628 required=372
[17:29:45] [Server thread/INFO] [io.gi.su.ad.AdvancedRocketryCommunity/]: ARCE_ROCKET_ENTITY_REMOVED entity=3c3386cb-7d6b-47ae-af58-a768168d2d2a reason=DISCARDED operational=true
[17:29:45] [Server thread/INFO] [io.gi.su.ad.AdvancedRocketryCommunity/]: ARCE_TRANSFER_PHASE transfer=0730149e-94f5-4a52-bba4-a9bc96cd9ee3 logical=7e18480e-6bc3-43b2-ba70-e6c5e8478a83 phase=SOURCE_REMOVED event=source_removed entity=cf259663-78e3-49e0-9150-4614adc1b44c fuel_before=1000 fuel_after=628 required=372
[17:29:45] [Server thread/INFO] [io.gi.su.ad.AdvancedRocketryCommunity/]: ARCE_TRANSFER_PHASE transfer=0730149e-94f5-4a52-bba4-a9bc96cd9ee3 logical=7e18480e-6bc3-43b2-ba70-e6c5e8478a83 phase=COMMITTED event=committed entity=cf259663-78e3-49e0-9150-4614adc1b44c fuel_before=1000 fuel_after=628 required=372
[17:29:48] [Server thread/INFO] [io.gi.su.ad.AdvancedRocketryCommunity/]: ARCE_TRANSFER_PHASE transfer=0730149e-94f5-4a52-bba4-a9bc96cd9ee3 logical=7e18480e-6bc3-43b2-ba70-e6c5e8478a83 phase=COMMITTED event=landing_complete entity=cf259663-78e3-49e0-9150-4614adc1b44c fuel_before=1000 fuel_after=628 required=372
[17:29:48] [Server thread/INFO] [io.gi.su.ad.AdvancedRocketryCommunity/]: ARCE_TRANSFER_PHASE transfer=0730149e-94f5-4a52-bba4-a9bc96cd9ee3 logical=7e18480e-6bc3-43b2-ba70-e6c5e8478a83 phase=COMMITTED event=landed_reservation_retained entity=cf259663-78e3-49e0-9150-4614adc1b44c fuel_before=1000 fuel_after=628 required=372
[17:29:48] [Server thread/INFO] [io.gi.su.ad.AdvancedRocketryCommunity/]: ARCE_RELEASE_TEST_FLIGHT_REPORT entity=cf259663-78e3-49e0-9150-4614adc1b44c logical=7e18480e-6bc3-43b2-ba70-e6c5e8478a83 snapshot=3112f758448c8eb683b017f598f82ef33a198f7580993c9c8787dc7f176a6fa9 dimension=minecraft:overworld state=LANDED fuel=628 capacity=1000 passengers=0 transfer=none origin=336,63,0 blocks=5
[17:29:49] [Server thread/INFO] [io.gi.su.ad.AdvancedRocketryCommunity/]: ARCE_ROCKET_ENTITY_REMOVED entity=cf259663-78e3-49e0-9150-4614adc1b44c reason=DISCARDED operational=true
[17:29:49] [Server thread/INFO] [io.gi.su.ad.AdvancedRocketryCommunity/]: ARCE_TRANSFER_PHASE transfer=0730149e-94f5-4a52-bba4-a9bc96cd9ee3 logical=7e18480e-6bc3-43b2-ba70-e6c5e8478a83 phase=COMMITTED event=landed_reservation_released entity=cf259663-78e3-49e0-9150-4614adc1b44c fuel_before=1000 fuel_after=628 required=372
[17:29:49] [Server thread/INFO] [io.gi.su.ad.AdvancedRocketryCommunity/]: ARCE_RELEASE_TEST_DISASSEMBLY entity=cf259663-78e3-49e0-9150-4614adc1b44c logical=7e18480e-6bc3-43b2-ba70-e6c5e8478a83 code=SUCCESS blocks=5 rolled_back=0
[17:29:49] [Server thread/INFO] [minecraft/MinecraftServer]: Saved the game
[17:30:03] [Server thread/INFO] [io.gi.su.ad.AdvancedRocketryCommunity/]: ARCE_STATION_REGION_DUMP count=10
[17:30:03] [Server thread/INFO] [io.gi.su.ad.AdvancedRocketryCommunity/]: ARCE_STATION_REGION station=a0eb70ef-d12d-414c-a51e-e32141a07695 owner=00000000-0000-0000-0000-000000000708 cell=1,-1 region=768,-1280,1279,-769 members=0
[17:30:03] [Server thread/INFO] [io.gi.su.ad.AdvancedRocketryCommunity/]: ARCE_STATION_REGION station=a9c91cc6-7e48-4c0d-8b35-b75835cbe01b owner=00000000-0000-0000-0000-000000000704 cell=-1,1 region=-1280,768,-769,1279 members=0
[17:30:03] [Server thread/INFO] [io.gi.su.ad.AdvancedRocketryCommunity/]: ARCE_STATION_REGION station=adb692df-53e4-4cc6-b7db-bb8bc5c66f21 owner=00000000-0000-0000-0000-000000000706 cell=-1,-1 region=-1280,-1280,-769,-769 members=0
[17:30:03] [Server thread/INFO] [io.gi.su.ad.AdvancedRocketryCommunity/]: ARCE_STATION_REGION station=bb22e0cf-f20d-4e63-8668-81cda7513175 owner=00000000-0000-0000-0000-0000000007ff cell=0,0 region=-256,-256,255,255 members=1
[17:30:03] [Server thread/INFO] [io.gi.su.ad.AdvancedRocketryCommunity/]: ARCE_STATION_REGION station=d8f42b39-8739-490d-8682-12f7a2ae81b9 owner=00000000-0000-0000-0000-000000000701 cell=1,0 region=768,-256,1279,255 members=0
[17:30:03] [Server thread/INFO] [io.gi.su.ad.AdvancedRocketryCommunity/]: ARCE_STATION_REGION station=e66e81e1-1e4b-4bb5-ad47-ca97d94d1963 owner=00000000-0000-0000-0000-000000000702 cell=1,1 region=768,768,1279,1279 members=0
[17:30:03] [Server thread/INFO] [io.gi.su.ad.AdvancedRocketryCommunity/]: ARCE_STATION_REGION station=00f695ef-f464-4813-ad72-2592bf93a23a owner=00000000-0000-0000-0000-000000000703 cell=0,1 region=-256,768,255,1279 members=0
[17:30:03] [Server thread/INFO] [io.gi.su.ad.AdvancedRocketryCommunity/]: ARCE_STATION_REGION station=2741efdc-7002-4327-9d10-7c3a9a3c516b owner=00000000-0000-0000-0000-000000000707 cell=0,-1 region=-256,-1280,255,-769 members=0
[17:30:03] [Server thread/INFO] [io.gi.su.ad.AdvancedRocketryCommunity/]: ARCE_STATION_REGION station=3c622837-a9c0-4339-a74d-2902b45df789 owner=00000000-0000-0000-0000-000000000705 cell=-1,0 region=-1280,-256,-769,255 members=0
[17:30:03] [Server thread/INFO] [io.gi.su.ad.AdvancedRocketryCommunity/]: ARCE_STATION_REGION station=6e904704-fbe9-4158-b450-41d01caf98d4 owner=00000000-0000-0000-0000-000000000709 cell=2,-1 region=1792,-1280,2303,-769 members=0
[17:30:03] [Server thread/WARN] [io.gi.su.ad.AdvancedRocketryCommunity/]: ARCE_STATION_DELETE_BACKUP station=e66e81e1-1e4b-4bb5-ad47-ca97d94d1963 owner=00000000-0000-0000-0000-000000000702 members=[] cell=1,1 region=768,768,1279,1279
[17:30:03] [Server thread/WARN] [io.gi.su.ad.AdvancedRocketryCommunity/]: ARCE_STATION_DELETED station=e66e81e1-1e4b-4bb5-ad47-ca97d94d1963 actor=00000000-0000-0000-0000-000000000007 inspected=289 removed=289 chunks=4
[17:30:03] [Server thread/INFO] [io.gi.su.ad.AdvancedRocketryCommunity/]: ARCE_STATION_REGION_DUMP count=9
[17:30:03] [Server thread/INFO] [io.gi.su.ad.AdvancedRocketryCommunity/]: ARCE_STATION_REGION station=a0eb70ef-d12d-414c-a51e-e32141a07695 owner=00000000-0000-0000-0000-000000000708 cell=1,-1 region=768,-1280,1279,-769 members=0
[17:30:03] [Server thread/INFO] [io.gi.su.ad.AdvancedRocketryCommunity/]: ARCE_STATION_REGION station=a9c91cc6-7e48-4c0d-8b35-b75835cbe01b owner=00000000-0000-0000-0000-000000000704 cell=-1,1 region=-1280,768,-769,1279 members=0
[17:30:03] [Server thread/INFO] [io.gi.su.ad.AdvancedRocketryCommunity/]: ARCE_STATION_REGION station=adb692df-53e4-4cc6-b7db-bb8bc5c66f21 owner=00000000-0000-0000-0000-000000000706 cell=-1,-1 region=-1280,-1280,-769,-769 members=0
[17:30:03] [Server thread/INFO] [io.gi.su.ad.AdvancedRocketryCommunity/]: ARCE_STATION_REGION station=bb22e0cf-f20d-4e63-8668-81cda7513175 owner=00000000-0000-0000-0000-0000000007ff cell=0,0 region=-256,-256,255,255 members=1
[17:30:03] [Server thread/INFO] [io.gi.su.ad.AdvancedRocketryCommunity/]: ARCE_STATION_REGION station=d8f42b39-8739-490d-8682-12f7a2ae81b9 owner=00000000-0000-0000-0000-000000000701 cell=1,0 region=768,-256,1279,255 members=0
[17:30:03] [Server thread/INFO] [io.gi.su.ad.AdvancedRocketryCommunity/]: ARCE_STATION_REGION station=00f695ef-f464-4813-ad72-2592bf93a23a owner=00000000-0000-0000-0000-000000000703 cell=0,1 region=-256,768,255,1279 members=0
[17:30:03] [Server thread/INFO] [io.gi.su.ad.AdvancedRocketryCommunity/]: ARCE_STATION_REGION station=2741efdc-7002-4327-9d10-7c3a9a3c516b owner=00000000-0000-0000-0000-000000000707 cell=0,-1 region=-256,-1280,255,-769 members=0
[17:30:03] [Server thread/INFO] [io.gi.su.ad.AdvancedRocketryCommunity/]: ARCE_STATION_REGION station=3c622837-a9c0-4339-a74d-2902b45df789 owner=00000000-0000-0000-0000-000000000705 cell=-1,0 region=-1280,-256,-769,255 members=0
[17:30:03] [Server thread/INFO] [io.gi.su.ad.AdvancedRocketryCommunity/]: ARCE_STATION_REGION station=6e904704-fbe9-4158-b450-41d01caf98d4 owner=00000000-0000-0000-0000-000000000709 cell=2,-1 region=1792,-1280,2303,-769 members=0
[17:30:03] [Server thread/WARN] [io.gi.su.ad.AdvancedRocketryCommunity/]: ARCE_STATION_DELETE_BACKUP station=a0eb70ef-d12d-414c-a51e-e32141a07695 owner=00000000-0000-0000-0000-000000000708 members=[] cell=1,-1 region=768,-1280,1279,-769
[17:30:03] [Server thread/WARN] [io.gi.su.ad.AdvancedRocketryCommunity/]: ARCE_STATION_DELETED station=a0eb70ef-d12d-414c-a51e-e32141a07695 actor=00000000-0000-0000-0000-000000000007 inspected=289 removed=289 chunks=4
[17:30:03] [Server thread/WARN] [io.gi.su.ad.AdvancedRocketryCommunity/]: ARCE_STATION_DELETE_BACKUP station=a9c91cc6-7e48-4c0d-8b35-b75835cbe01b owner=00000000-0000-0000-0000-000000000704 members=[] cell=-1,1 region=-1280,768,-769,1279
[17:30:03] [Server thread/WARN] [io.gi.su.ad.AdvancedRocketryCommunity/]: ARCE_STATION_DELETED station=a9c91cc6-7e48-4c0d-8b35-b75835cbe01b actor=00000000-0000-0000-0000-000000000007 inspected=289 removed=289 chunks=4
[17:30:03] [Server thread/WARN] [io.gi.su.ad.AdvancedRocketryCommunity/]: ARCE_STATION_DELETE_BACKUP station=adb692df-53e4-4cc6-b7db-bb8bc5c66f21 owner=00000000-0000-0000-0000-000000000706 members=[] cell=-1,-1 region=-1280,-1280,-769,-769
[17:30:03] [Server thread/WARN] [io.gi.su.ad.AdvancedRocketryCommunity/]: ARCE_STATION_DELETED station=adb692df-53e4-4cc6-b7db-bb8bc5c66f21 actor=00000000-0000-0000-0000-000000000007 inspected=289 removed=289 chunks=4
[17:30:03] [Server thread/WARN] [io.gi.su.ad.AdvancedRocketryCommunity/]: ARCE_STATION_DELETE_BACKUP station=bb22e0cf-f20d-4e63-8668-81cda7513175 owner=00000000-0000-0000-0000-0000000007ff members=[00000000-0000-0000-0000-000000000700] cell=0,0 region=-256,-256,255,255
[17:30:04] [Server thread/WARN] [io.gi.su.ad.AdvancedRocketryCommunity/]: ARCE_STATION_DELETED station=bb22e0cf-f20d-4e63-8668-81cda7513175 actor=00000000-0000-0000-0000-000000000007 inspected=289 removed=289 chunks=4
[17:30:04] [Server thread/WARN] [io.gi.su.ad.AdvancedRocketryCommunity/]: ARCE_STATION_DELETE_BACKUP station=d8f42b39-8739-490d-8682-12f7a2ae81b9 owner=00000000-0000-0000-0000-000000000701 members=[] cell=1,0 region=768,-256,1279,255
[17:30:04] [Server thread/WARN] [io.gi.su.ad.AdvancedRocketryCommunity/]: ARCE_STATION_DELETED station=d8f42b39-8739-490d-8682-12f7a2ae81b9 actor=00000000-0000-0000-0000-000000000007 inspected=289 removed=289 chunks=4
[17:30:04] [Server thread/WARN] [io.gi.su.ad.AdvancedRocketryCommunity/]: ARCE_STATION_DELETE_BACKUP station=00f695ef-f464-4813-ad72-2592bf93a23a owner=00000000-0000-0000-0000-000000000703 members=[] cell=0,1 region=-256,768,255,1279
[17:30:04] [Server thread/WARN] [io.gi.su.ad.AdvancedRocketryCommunity/]: ARCE_STATION_DELETED station=00f695ef-f464-4813-ad72-2592bf93a23a actor=00000000-0000-0000-0000-000000000007 inspected=289 removed=289 chunks=4
[17:30:04] [Server thread/WARN] [io.gi.su.ad.AdvancedRocketryCommunity/]: ARCE_STATION_DELETE_BACKUP station=2741efdc-7002-4327-9d10-7c3a9a3c516b owner=00000000-0000-0000-0000-000000000707 members=[] cell=0,-1 region=-256,-1280,255,-769
[17:30:04] [Server thread/WARN] [io.gi.su.ad.AdvancedRocketryCommunity/]: ARCE_STATION_DELETED station=2741efdc-7002-4327-9d10-7c3a9a3c516b actor=00000000-0000-0000-0000-000000000007 inspected=289 removed=289 chunks=4
[17:30:04] [Server thread/WARN] [io.gi.su.ad.AdvancedRocketryCommunity/]: ARCE_STATION_DELETE_BACKUP station=3c622837-a9c0-4339-a74d-2902b45df789 owner=00000000-0000-0000-0000-000000000705 members=[] cell=-1,0 region=-1280,-256,-769,255
[17:30:04] [Server thread/WARN] [io.gi.su.ad.AdvancedRocketryCommunity/]: ARCE_STATION_DELETED station=3c622837-a9c0-4339-a74d-2902b45df789 actor=00000000-0000-0000-0000-000000000007 inspected=289 removed=289 chunks=4
[17:30:04] [Server thread/WARN] [io.gi.su.ad.AdvancedRocketryCommunity/]: ARCE_STATION_DELETE_BACKUP station=6e904704-fbe9-4158-b450-41d01caf98d4 owner=00000000-0000-0000-0000-000000000709 members=[] cell=2,-1 region=1792,-1280,2303,-769
[17:30:04] [Server thread/WARN] [io.gi.su.ad.AdvancedRocketryCommunity/]: ARCE_STATION_DELETED station=6e904704-fbe9-4158-b450-41d01caf98d4 actor=00000000-0000-0000-0000-000000000007 inspected=289 removed=289 chunks=4
[17:30:04] [Server thread/INFO] [io.gi.su.ad.AdvancedRocketryCommunity/]: ARCE_STATION_REGION_DUMP count=0
[17:30:05] [Server thread/INFO] [minecraft/MinecraftServer]: Saved the game
