[02:05:59] [Server thread/INFO] [minecraft/DedicatedServer]: Done (2.102s)! For help, type "help"
[02:05:59] [Server thread/INFO] [io.gi.su.ad.AdvancedRocketryCommunity/]: ARCE_RELEASE_TEST_SATELLITE_LAUNCH satellite=9d9ca501-4120-4630-aacd-56902e782a88 mission=1675eeb0-7c5a-3ef1-b34e-c9eebdf98da2 owner=00000000-0000-0000-0000-000000000801 target=advancedrocketrycommunity:earth code=SUCCESS deadline=208
[02:05:59] [Server thread/INFO] [io.gi.su.ad.AdvancedRocketryCommunity/]: ARCE_RELEASE_TEST_SATELLITE_LAUNCH satellite=77533314-44d1-4f7f-a933-aa03fbffdf06 mission=77f3f46b-9542-3612-9bb7-037042eda70a owner=00000000-0000-0000-0000-000000000802 target=advancedrocketrycommunity:moon code=SUCCESS deadline=208
[02:05:59] [Server thread/INFO] [io.gi.su.ad.AdvancedRocketryCommunity/]: ARCE_SATELLITE_EVIDENCE satellites=2 missions=2 active=2 ready=0 pending=0 claimed=0 cancelled=0 unfinished=2 research=0 chunk_tickets=0 scheduler=deadline_queue
[02:06:00] [Server thread/INFO] [minecraft/MinecraftServer]: Saved the game
[02:06:13] [Server thread/INFO] [minecraft/DedicatedServer]: Done (2.202s)! For help, type "help"
[02:06:14] [Server thread/INFO] [io.gi.su.ad.AdvancedRocketryCommunity/]: ARCE_SATELLITE_EVIDENCE satellites=2 missions=2 active=2 ready=0 pending=0 claimed=0 cancelled=0 unfinished=2 research=0 chunk_tickets=0 scheduler=deadline_queue
[02:06:14] [Server thread/INFO] [io.gi.su.ad.AdvancedRocketryCommunity/]: ARCE_SATELLITE_EVIDENCE satellites=2 missions=2 active=2 ready=0 pending=0 claimed=0 cancelled=0 unfinished=2 research=0 chunk_tickets=0 scheduler=deadline_queue
[02:06:15] [Server thread/INFO] [io.gi.su.ad.AdvancedRocketryCommunity/]: ARCE_SATELLITE_EVIDENCE satellites=2 missions=2 active=2 ready=0 pending=0 claimed=0 cancelled=0 unfinished=2 research=0 chunk_tickets=0 scheduler=deadline_queue
[02:06:16] [Server thread/INFO] [io.gi.su.ad.AdvancedRocketryCommunity/]: ARCE_SATELLITE_EVIDENCE satellites=2 missions=2 active=2 ready=0 pending=0 claimed=0 cancelled=0 unfinished=2 research=0 chunk_tickets=0 scheduler=deadline_queue
[02:06:17] [Server thread/INFO] [io.gi.su.ad.AdvancedRocketryCommunity/]: ARCE_SATELLITE_EVIDENCE satellites=2 missions=2 active=2 ready=0 pending=0 claimed=0 cancelled=0 unfinished=2 research=0 chunk_tickets=0 scheduler=deadline_queue
[02:06:18] [Server thread/INFO] [io.gi.su.ad.AdvancedRocketryCommunity/]: ARCE_SATELLITE_EVIDENCE satellites=2 missions=2 active=2 ready=0 pending=0 claimed=0 cancelled=0 unfinished=2 research=0 chunk_tickets=0 scheduler=deadline_queue
[02:06:19] [Server thread/INFO] [io.gi.su.ad.AdvancedRocketryCommunity/]: ARCE_SATELLITE_EVIDENCE satellites=2 missions=2 active=2 ready=0 pending=0 claimed=0 cancelled=0 unfinished=2 research=0 chunk_tickets=0 scheduler=deadline_queue
[02:06:20] [Server thread/INFO] [io.gi.su.ad.AdvancedRocketryCommunity/]: ARCE_SATELLITE_EVIDENCE satellites=2 missions=2 active=2 ready=0 pending=0 claimed=0 cancelled=0 unfinished=2 research=0 chunk_tickets=0 scheduler=deadline_queue
[02:06:21] [Server thread/INFO] [io.gi.su.ad.AdvancedRocketryCommunity/]: ARCE_SATELLITE_EVIDENCE satellites=2 missions=2 active=2 ready=0 pending=0 claimed=0 cancelled=0 unfinished=2 research=0 chunk_tickets=0 scheduler=deadline_queue
[02:06:22] [Server thread/INFO] [io.gi.su.ad.AdvancedRocketryCommunity/]: ARCE_SATELLITE_EVIDENCE satellites=2 missions=2 active=2 ready=0 pending=0 claimed=0 cancelled=0 unfinished=2 research=0 chunk_tickets=0 scheduler=deadline_queue
[02:06:23] [Server thread/INFO] [io.gi.su.ad.AdvancedRocketryCommunity/]: ARCE_SATELLITE_EVIDENCE satellites=2 missions=2 active=2 ready=0 pending=0 claimed=0 cancelled=0 unfinished=2 research=0 chunk_tickets=0 scheduler=deadline_queue
[02:06:24] [Server thread/INFO] [io.gi.su.ad.AdvancedRocketryCommunity/]: ARCE_SATELLITE_SCHEDULER completed=2 inspected=2 remaining=0
[02:06:24] [Server thread/INFO] [io.gi.su.ad.AdvancedRocketryCommunity/]: ARCE_SATELLITE_EVIDENCE satellites=2 missions=2 active=0 ready=2 pending=0 claimed=0 cancelled=0 unfinished=2 research=0 chunk_tickets=0 scheduler=deadline_queue
[02:06:24] [Server thread/INFO] [io.gi.su.ad.AdvancedRocketryCommunity/]: ARCE_RELEASE_TEST_SATELLITE_CLAIM mission=1675eeb0-7c5a-3ef1-b34e-c9eebdf98da2 owner=00000000-0000-0000-0000-000000000801 target=advancedrocketrycommunity:earth code=SUCCESS status=CLAIMED research=20 discovered=true
[02:06:24] [Server thread/INFO] [io.gi.su.ad.AdvancedRocketryCommunity/]: ARCE_RELEASE_TEST_SATELLITE_CLAIM mission=1675eeb0-7c5a-3ef1-b34e-c9eebdf98da2 owner=00000000-0000-0000-0000-000000000801 target=advancedrocketrycommunity:earth code=ALREADY_CLAIMED status=CLAIMED research=20 discovered=true
[02:06:24] [Server thread/INFO] [io.gi.su.ad.AdvancedRocketryCommunity/]: ARCE_RELEASE_TEST_SATELLITE_CLAIM mission=77f3f46b-9542-3612-9bb7-037042eda70a owner=00000000-0000-0000-0000-000000000802 target=advancedrocketrycommunity:moon code=SUCCESS status=CLAIMED research=20 discovered=true
[02:06:24] [Server thread/INFO] [io.gi.su.ad.AdvancedRocketryCommunity/]: ARCE_RELEASE_TEST_SATELLITE_CLAIM mission=77f3f46b-9542-3612-9bb7-037042eda70a owner=00000000-0000-0000-0000-000000000802 target=advancedrocketrycommunity:moon code=ALREADY_CLAIMED status=CLAIMED research=20 discovered=true
[02:06:24] [Server thread/INFO] [io.gi.su.ad.AdvancedRocketryCommunity/]: ARCE_SATELLITE_EVIDENCE satellites=2 missions=2 active=0 ready=0 pending=0 claimed=2 cancelled=0 unfinished=0 research=40 chunk_tickets=0 scheduler=deadline_queue
[02:06:24] [Server thread/INFO] [io.gi.su.ad.AdvancedRocketryCommunity/]: ARCE_RELEASE_TEST_SATELLITE_BATCH requested=100 created=100 rejected=0 code=SUCCESS elapsed_nanos=15782700 chunk_tickets=0 scheduler=deadline_queue
[02:06:24] [Server thread/INFO] [io.gi.su.ad.AdvancedRocketryCommunity/]: ARCE_SATELLITE_EVIDENCE satellites=102 missions=102 active=100 ready=0 pending=0 claimed=2 cancelled=0 unfinished=100 research=40 chunk_tickets=0 scheduler=deadline_queue
[02:06:24] [Server thread/INFO] [io.gi.su.ad.AdvancedRocketryCommunity/]: ARCE_SATELLITE_EVIDENCE satellites=102 missions=102 active=100 ready=0 pending=0 claimed=2 cancelled=0 unfinished=100 research=40 chunk_tickets=0 scheduler=deadline_queue
[02:06:25] [Server thread/INFO] [io.gi.su.ad.AdvancedRocketryCommunity/]: ARCE_SATELLITE_EVIDENCE satellites=102 missions=102 active=100 ready=0 pending=0 claimed=2 cancelled=0 unfinished=100 research=40 chunk_tickets=0 scheduler=deadline_queue
[02:06:26] [Server thread/INFO] [io.gi.su.ad.AdvancedRocketryCommunity/]: ARCE_SATELLITE_EVIDENCE satellites=102 missions=102 active=100 ready=0 pending=0 claimed=2 cancelled=0 unfinished=100 research=40 chunk_tickets=0 scheduler=deadline_queue
[02:06:27] [Server thread/INFO] [io.gi.su.ad.AdvancedRocketryCommunity/]: ARCE_SATELLITE_EVIDENCE satellites=102 missions=102 active=100 ready=0 pending=0 claimed=2 cancelled=0 unfinished=100 research=40 chunk_tickets=0 scheduler=deadline_queue
[02:06:28] [Server thread/INFO] [io.gi.su.ad.AdvancedRocketryCommunity/]: ARCE_SATELLITE_EVIDENCE satellites=102 missions=102 active=100 ready=0 pending=0 claimed=2 cancelled=0 unfinished=100 research=40 chunk_tickets=0 scheduler=deadline_queue
[02:06:29] [Server thread/INFO] [io.gi.su.ad.AdvancedRocketryCommunity/]: ARCE_SATELLITE_EVIDENCE satellites=102 missions=102 active=100 ready=0 pending=0 claimed=2 cancelled=0 unfinished=100 research=40 chunk_tickets=0 scheduler=deadline_queue
[02:06:30] [Server thread/INFO] [io.gi.su.ad.AdvancedRocketryCommunity/]: ARCE_SATELLITE_EVIDENCE satellites=102 missions=102 active=100 ready=0 pending=0 claimed=2 cancelled=0 unfinished=100 research=40 chunk_tickets=0 scheduler=deadline_queue
[02:06:31] [Server thread/INFO] [io.gi.su.ad.AdvancedRocketryCommunity/]: ARCE_SATELLITE_EVIDENCE satellites=102 missions=102 active=100 ready=0 pending=0 claimed=2 cancelled=0 unfinished=100 research=40 chunk_tickets=0 scheduler=deadline_queue
[02:06:32] [Server thread/INFO] [io.gi.su.ad.AdvancedRocketryCommunity/]: ARCE_SATELLITE_EVIDENCE satellites=102 missions=102 active=100 ready=0 pending=0 claimed=2 cancelled=0 unfinished=100 research=40 chunk_tickets=0 scheduler=deadline_queue
[02:06:34] [Server thread/INFO] [io.gi.su.ad.AdvancedRocketryCommunity/]: ARCE_SATELLITE_EVIDENCE satellites=102 missions=102 active=100 ready=0 pending=0 claimed=2 cancelled=0 unfinished=100 research=40 chunk_tickets=0 scheduler=deadline_queue
[02:06:35] [Server thread/INFO] [io.gi.su.ad.AdvancedRocketryCommunity/]: ARCE_SATELLITE_EVIDENCE satellites=102 missions=102 active=100 ready=0 pending=0 claimed=2 cancelled=0 unfinished=100 research=40 chunk_tickets=0 scheduler=deadline_queue
[02:06:35] [Server thread/INFO] [io.gi.su.ad.AdvancedRocketryCommunity/]: ARCE_SATELLITE_SCHEDULER completed=32 inspected=32 remaining=68
[02:06:36] [Server thread/INFO] [io.gi.su.ad.AdvancedRocketryCommunity/]: ARCE_SATELLITE_EVIDENCE satellites=102 missions=102 active=68 ready=32 pending=0 claimed=2 cancelled=0 unfinished=100 research=40 chunk_tickets=0 scheduler=deadline_queue
[02:06:36] [Server thread/INFO] [io.gi.su.ad.AdvancedRocketryCommunity/]: ARCE_SATELLITE_SCHEDULER completed=32 inspected=32 remaining=36
[02:06:37] [Server thread/INFO] [io.gi.su.ad.AdvancedRocketryCommunity/]: ARCE_SATELLITE_EVIDENCE satellites=102 missions=102 active=36 ready=64 pending=0 claimed=2 cancelled=0 unfinished=100 research=40 chunk_tickets=0 scheduler=deadline_queue
[02:06:37] [Server thread/INFO] [io.gi.su.ad.AdvancedRocketryCommunity/]: ARCE_SATELLITE_SCHEDULER completed=32 inspected=32 remaining=4
[02:06:38] [Server thread/INFO] [io.gi.su.ad.AdvancedRocketryCommunity/]: ARCE_SATELLITE_EVIDENCE satellites=102 missions=102 active=4 ready=96 pending=0 claimed=2 cancelled=0 unfinished=100 research=40 chunk_tickets=0 scheduler=deadline_queue
[02:06:38] [Server thread/INFO] [io.gi.su.ad.AdvancedRocketryCommunity/]: ARCE_SATELLITE_SCHEDULER completed=4 inspected=4 remaining=0
[02:06:39] [Server thread/INFO] [io.gi.su.ad.AdvancedRocketryCommunity/]: ARCE_SATELLITE_EVIDENCE satellites=102 missions=102 active=0 ready=100 pending=0 claimed=2 cancelled=0 unfinished=100 research=40 chunk_tickets=0 scheduler=deadline_queue
[02:06:39] [Server thread/INFO] [minecraft/MinecraftServer]: Saved the game
