[13:21:00] [Server thread/INFO] [minecraft/DedicatedServer]: Done (2.292s)! For help, type "help"
[13:21:02] [Server thread/INFO] [io.gi.su.ad.AdvancedRocketryCommunity/]: ARCE_ROCKET_SCAN_QUEUED operation=assemble dimension=minecraft:overworld assembler=640, 99, 640 owner=00000000-0000-0000-0000-000000000005
[13:21:02] [Server thread/INFO] [io.gi.su.ad.AdvancedRocketryCommunity/]: ARCE_ROCKET_TRANSACTION operation=assembly code=SUCCESS blocks=2048 snapshot=7891a7767f2c15e1f37f0167c7856289a58d0f4e3eb5eb92195dd957a5fa4714 entity=11e0ec87-3ba5-46a6-82c5-5ad7ac4694d4
[13:21:03] [Server thread/INFO] [io.gi.su.ad.AdvancedRocketryCommunity/]: ARCE_ROCKET_ENTITY_ACTIVE entity=11e0ec87-3ba5-46a6-82c5-5ad7ac4694d4 operational=true snapshot=7891a7767f2c15e1f37f0167c7856289a58d0f4e3eb5eb92195dd957a5fa4714 flight_state=ASSEMBLED fuel=0
[13:21:03] [Server thread/INFO] [io.gi.su.ad.AdvancedRocketryCommunity/]: ARCE_RELEASE_TEST_FLIGHT_REPORT entity=11e0ec87-3ba5-46a6-82c5-5ad7ac4694d4 logical=72a1c61e-4c9f-4ab1-8550-ffd1d7c9d5e5 snapshot=7891a7767f2c15e1f37f0167c7856289a58d0f4e3eb5eb92195dd957a5fa4714 dimension=minecraft:overworld state=ASSEMBLED fuel=0 capacity=128000 passengers=0 transfer=none origin=640,100,640 blocks=2048
[13:21:04] [Server thread/INFO] [io.gi.su.ad.AdvancedRocketryCommunity/]: ARCE_STATION_TRANSACTION action=creation_committed station=6b271ba4-887b-4254-9747-a1ad706053e4 owner=00000000-0000-0000-0000-000000000700 cell=0,0 region=-256,-256,255,255 inspected=289 changed=289 chunks=4 detail=generated
[13:21:04] [Server thread/INFO] [io.gi.su.ad.AdvancedRocketryCommunity/]: ARCE_STATION_TRANSACTION action=creation_committed station=5873b69b-bc79-43eb-b382-1d122df7a2d2 owner=00000000-0000-0000-0000-000000000701 cell=1,0 region=768,-256,1279,255 inspected=289 changed=289 chunks=4 detail=generated
[13:21:04] [Server thread/INFO] [io.gi.su.ad.AdvancedRocketryCommunity/]: ARCE_STATION_TRANSACTION action=creation_committed station=14b532d8-2dfb-46eb-8552-f6d880edceb6 owner=00000000-0000-0000-0000-000000000702 cell=1,1 region=768,768,1279,1279 inspected=289 changed=289 chunks=4 detail=generated
[13:21:04] [Server thread/INFO] [io.gi.su.ad.AdvancedRocketryCommunity/]: ARCE_STATION_TRANSACTION action=creation_committed station=b10027d2-4df5-41e6-9c20-baa00b2706c6 owner=00000000-0000-0000-0000-000000000703 cell=0,1 region=-256,768,255,1279 inspected=289 changed=289 chunks=4 detail=generated
[13:21:04] [Server thread/INFO] [io.gi.su.ad.AdvancedRocketryCommunity/]: ARCE_STATION_TRANSACTION action=creation_committed station=934e1ff2-d0b8-47ee-a32d-c1d23d8a6c98 owner=00000000-0000-0000-0000-000000000704 cell=-1,1 region=-1280,768,-769,1279 inspected=289 changed=289 chunks=4 detail=generated
[13:21:04] [Server thread/INFO] [io.gi.su.ad.AdvancedRocketryCommunity/]: ARCE_STATION_TRANSACTION action=creation_committed station=5b37e602-c04b-4a93-9c27-ef506a3f3c5a owner=00000000-0000-0000-0000-000000000705 cell=-1,0 region=-1280,-256,-769,255 inspected=289 changed=289 chunks=4 detail=generated
[13:21:05] [Server thread/INFO] [io.gi.su.ad.AdvancedRocketryCommunity/]: ARCE_STATION_TRANSACTION action=creation_committed station=29f2772a-6825-4401-ab00-d2503551ce30 owner=00000000-0000-0000-0000-000000000706 cell=-1,-1 region=-1280,-1280,-769,-769 inspected=289 changed=289 chunks=4 detail=generated
[13:21:05] [Server thread/INFO] [io.gi.su.ad.AdvancedRocketryCommunity/]: ARCE_STATION_TRANSACTION action=creation_committed station=30c34c81-bef9-4fff-ab3f-1e3a1721bc1a owner=00000000-0000-0000-0000-000000000707 cell=0,-1 region=-256,-1280,255,-769 inspected=289 changed=289 chunks=4 detail=generated
[13:21:05] [Server thread/INFO] [io.gi.su.ad.AdvancedRocketryCommunity/]: ARCE_STATION_TRANSACTION action=creation_committed station=46ca6409-464e-4666-8cd5-708f18bc776e owner=00000000-0000-0000-0000-000000000708 cell=1,-1 region=768,-1280,1279,-769 inspected=289 changed=289 chunks=4 detail=generated
[13:21:05] [Server thread/INFO] [io.gi.su.ad.AdvancedRocketryCommunity/]: ARCE_STATION_TRANSACTION action=creation_committed station=ceee0025-9192-4356-a6cc-ca6f9c515019 owner=00000000-0000-0000-0000-000000000709 cell=2,-1 region=1792,-1280,2303,-769 inspected=289 changed=289 chunks=4 detail=generated
[13:21:05] [Server thread/INFO] [io.gi.su.ad.AdvancedRocketryCommunity/]: ARCE_RELEASE_TEST_SATELLITE_BATCH requested=100 created=100 rejected=0 code=SUCCESS elapsed_nanos=9478200 chunk_tickets=0 scheduler=deadline_queue
[13:21:05] [Server thread/INFO] [io.gi.su.ad.AdvancedRocketryCommunity/]: ARCE_SATELLITE_EVIDENCE satellites=100 missions=100 active=100 ready=0 pending=0 claimed=0 cancelled=0 unfinished=100 research=0 chunk_tickets=0 scheduler=deadline_queue
[13:21:06] [Server thread/INFO] [minecraft/MinecraftServer]: Saved the game
[13:21:15] [Server thread/INFO] [io.gi.su.ad.AdvancedRocketryCommunity/]: ARCE_SATELLITE_SCHEDULER completed=32 inspected=32 remaining=68
[13:21:16] [Server thread/INFO] [io.gi.su.ad.AdvancedRocketryCommunity/]: ARCE_SATELLITE_SCHEDULER completed=32 inspected=32 remaining=36
[13:21:17] [Server thread/INFO] [io.gi.su.ad.AdvancedRocketryCommunity/]: ARCE_SATELLITE_SCHEDULER completed=32 inspected=32 remaining=4
[13:21:18] [Server thread/INFO] [io.gi.su.ad.AdvancedRocketryCommunity/]: ARCE_SATELLITE_SCHEDULER completed=4 inspected=4 remaining=0
[13:27:07] [Server thread/INFO] [minecraft/MinecraftServer]: Saved the game
[13:32:07] [Server thread/INFO] [minecraft/MinecraftServer]: Saved the game
[13:32:07] [Server thread/INFO] [io.gi.su.ad.AdvancedRocketryCommunity/]: ARCE_SATELLITE_EVIDENCE satellites=100 missions=100 active=0 ready=100 pending=0 claimed=0 cancelled=0 unfinished=100 research=0 chunk_tickets=0 scheduler=deadline_queue
[13:32:07] [Server thread/INFO] [io.gi.su.ad.AdvancedRocketryCommunity/]: ARCE_RELEASE_TEST_FLIGHT_REPORT entity=11e0ec87-3ba5-46a6-82c5-5ad7ac4694d4 logical=72a1c61e-4c9f-4ab1-8550-ffd1d7c9d5e5 snapshot=7891a7767f2c15e1f37f0167c7856289a58d0f4e3eb5eb92195dd957a5fa4714 dimension=minecraft:overworld state=ASSEMBLED fuel=0 capacity=128000 passengers=0 transfer=none origin=640,100,640 blocks=2048
[13:37:07] [Server thread/INFO] [minecraft/MinecraftServer]: Saved the game
[13:42:07] [Server thread/INFO] [minecraft/MinecraftServer]: Saved the game
[13:42:07] [Server thread/INFO] [io.gi.su.ad.AdvancedRocketryCommunity/]: ARCE_SATELLITE_EVIDENCE satellites=100 missions=100 active=0 ready=100 pending=0 claimed=0 cancelled=0 unfinished=100 research=0 chunk_tickets=0 scheduler=deadline_queue
[13:42:07] [Server thread/INFO] [io.gi.su.ad.AdvancedRocketryCommunity/]: ARCE_RELEASE_TEST_FLIGHT_REPORT entity=11e0ec87-3ba5-46a6-82c5-5ad7ac4694d4 logical=72a1c61e-4c9f-4ab1-8550-ffd1d7c9d5e5 snapshot=7891a7767f2c15e1f37f0167c7856289a58d0f4e3eb5eb92195dd957a5fa4714 dimension=minecraft:overworld state=ASSEMBLED fuel=0 capacity=128000 passengers=0 transfer=none origin=640,100,640 blocks=2048
[13:47:07] [Server thread/INFO] [minecraft/MinecraftServer]: Saved the game
[13:52:07] [Server thread/INFO] [minecraft/MinecraftServer]: Saved the game
[13:52:07] [Server thread/INFO] [io.gi.su.ad.AdvancedRocketryCommunity/]: ARCE_SATELLITE_EVIDENCE satellites=100 missions=100 active=0 ready=100 pending=0 claimed=0 cancelled=0 unfinished=100 research=0 chunk_tickets=0 scheduler=deadline_queue
[13:52:07] [Server thread/INFO] [io.gi.su.ad.AdvancedRocketryCommunity/]: ARCE_RELEASE_TEST_FLIGHT_REPORT entity=11e0ec87-3ba5-46a6-82c5-5ad7ac4694d4 logical=72a1c61e-4c9f-4ab1-8550-ffd1d7c9d5e5 snapshot=7891a7767f2c15e1f37f0167c7856289a58d0f4e3eb5eb92195dd957a5fa4714 dimension=minecraft:overworld state=ASSEMBLED fuel=0 capacity=128000 passengers=0 transfer=none origin=640,100,640 blocks=2048
[13:57:07] [Server thread/INFO] [minecraft/MinecraftServer]: Saved the game
[14:02:07] [Server thread/INFO] [minecraft/MinecraftServer]: Saved the game
[14:02:07] [Server thread/INFO] [io.gi.su.ad.AdvancedRocketryCommunity/]: ARCE_SATELLITE_EVIDENCE satellites=100 missions=100 active=0 ready=100 pending=0 claimed=0 cancelled=0 unfinished=100 research=0 chunk_tickets=0 scheduler=deadline_queue
[14:02:07] [Server thread/INFO] [io.gi.su.ad.AdvancedRocketryCommunity/]: ARCE_RELEASE_TEST_FLIGHT_REPORT entity=11e0ec87-3ba5-46a6-82c5-5ad7ac4694d4 logical=72a1c61e-4c9f-4ab1-8550-ffd1d7c9d5e5 snapshot=7891a7767f2c15e1f37f0167c7856289a58d0f4e3eb5eb92195dd957a5fa4714 dimension=minecraft:overworld state=ASSEMBLED fuel=0 capacity=128000 passengers=0 transfer=none origin=640,100,640 blocks=2048
[14:07:07] [Server thread/INFO] [minecraft/MinecraftServer]: Saved the game
[14:12:07] [Server thread/INFO] [minecraft/MinecraftServer]: Saved the game
[14:12:07] [Server thread/INFO] [io.gi.su.ad.AdvancedRocketryCommunity/]: ARCE_SATELLITE_EVIDENCE satellites=100 missions=100 active=0 ready=100 pending=0 claimed=0 cancelled=0 unfinished=100 research=0 chunk_tickets=0 scheduler=deadline_queue
[14:12:07] [Server thread/INFO] [io.gi.su.ad.AdvancedRocketryCommunity/]: ARCE_RELEASE_TEST_FLIGHT_REPORT entity=11e0ec87-3ba5-46a6-82c5-5ad7ac4694d4 logical=72a1c61e-4c9f-4ab1-8550-ffd1d7c9d5e5 snapshot=7891a7767f2c15e1f37f0167c7856289a58d0f4e3eb5eb92195dd957a5fa4714 dimension=minecraft:overworld state=ASSEMBLED fuel=0 capacity=128000 passengers=0 transfer=none origin=640,100,640 blocks=2048
[14:17:07] [Server thread/INFO] [minecraft/MinecraftServer]: Saved the game
[14:22:07] [Server thread/INFO] [minecraft/MinecraftServer]: Saved the game
[14:22:07] [Server thread/INFO] [io.gi.su.ad.AdvancedRocketryCommunity/]: ARCE_SATELLITE_EVIDENCE satellites=100 missions=100 active=0 ready=100 pending=0 claimed=0 cancelled=0 unfinished=100 research=0 chunk_tickets=0 scheduler=deadline_queue
[14:22:07] [Server thread/INFO] [io.gi.su.ad.AdvancedRocketryCommunity/]: ARCE_RELEASE_TEST_FLIGHT_REPORT entity=11e0ec87-3ba5-46a6-82c5-5ad7ac4694d4 logical=72a1c61e-4c9f-4ab1-8550-ffd1d7c9d5e5 snapshot=7891a7767f2c15e1f37f0167c7856289a58d0f4e3eb5eb92195dd957a5fa4714 dimension=minecraft:overworld state=ASSEMBLED fuel=0 capacity=128000 passengers=0 transfer=none origin=640,100,640 blocks=2048
[14:27:07] [Server thread/INFO] [minecraft/MinecraftServer]: Saved the game
[14:32:07] [Server thread/INFO] [minecraft/MinecraftServer]: Saved the game
[14:32:07] [Server thread/INFO] [io.gi.su.ad.AdvancedRocketryCommunity/]: ARCE_SATELLITE_EVIDENCE satellites=100 missions=100 active=0 ready=100 pending=0 claimed=0 cancelled=0 unfinished=100 research=0 chunk_tickets=0 scheduler=deadline_queue
[14:32:07] [Server thread/INFO] [io.gi.su.ad.AdvancedRocketryCommunity/]: ARCE_RELEASE_TEST_FLIGHT_REPORT entity=11e0ec87-3ba5-46a6-82c5-5ad7ac4694d4 logical=72a1c61e-4c9f-4ab1-8550-ffd1d7c9d5e5 snapshot=7891a7767f2c15e1f37f0167c7856289a58d0f4e3eb5eb92195dd957a5fa4714 dimension=minecraft:overworld state=ASSEMBLED fuel=0 capacity=128000 passengers=0 transfer=none origin=640,100,640 blocks=2048
[14:37:07] [Server thread/INFO] [minecraft/MinecraftServer]: Saved the game
[14:42:07] [Server thread/INFO] [minecraft/MinecraftServer]: Saved the game
[14:42:07] [Server thread/INFO] [io.gi.su.ad.AdvancedRocketryCommunity/]: ARCE_SATELLITE_EVIDENCE satellites=100 missions=100 active=0 ready=100 pending=0 claimed=0 cancelled=0 unfinished=100 research=0 chunk_tickets=0 scheduler=deadline_queue
[14:42:07] [Server thread/INFO] [io.gi.su.ad.AdvancedRocketryCommunity/]: ARCE_RELEASE_TEST_FLIGHT_REPORT entity=11e0ec87-3ba5-46a6-82c5-5ad7ac4694d4 logical=72a1c61e-4c9f-4ab1-8550-ffd1d7c9d5e5 snapshot=7891a7767f2c15e1f37f0167c7856289a58d0f4e3eb5eb92195dd957a5fa4714 dimension=minecraft:overworld state=ASSEMBLED fuel=0 capacity=128000 passengers=0 transfer=none origin=640,100,640 blocks=2048
[14:47:07] [Server thread/INFO] [minecraft/MinecraftServer]: Saved the game
[14:52:07] [Server thread/INFO] [minecraft/MinecraftServer]: Saved the game
[14:52:07] [Server thread/INFO] [io.gi.su.ad.AdvancedRocketryCommunity/]: ARCE_SATELLITE_EVIDENCE satellites=100 missions=100 active=0 ready=100 pending=0 claimed=0 cancelled=0 unfinished=100 research=0 chunk_tickets=0 scheduler=deadline_queue
[14:52:07] [Server thread/INFO] [io.gi.su.ad.AdvancedRocketryCommunity/]: ARCE_RELEASE_TEST_FLIGHT_REPORT entity=11e0ec87-3ba5-46a6-82c5-5ad7ac4694d4 logical=72a1c61e-4c9f-4ab1-8550-ffd1d7c9d5e5 snapshot=7891a7767f2c15e1f37f0167c7856289a58d0f4e3eb5eb92195dd957a5fa4714 dimension=minecraft:overworld state=ASSEMBLED fuel=0 capacity=128000 passengers=0 transfer=none origin=640,100,640 blocks=2048
[14:57:07] [Server thread/INFO] [minecraft/MinecraftServer]: Saved the game
[15:02:07] [Server thread/INFO] [minecraft/MinecraftServer]: Saved the game
[15:02:07] [Server thread/INFO] [io.gi.su.ad.AdvancedRocketryCommunity/]: ARCE_SATELLITE_EVIDENCE satellites=100 missions=100 active=0 ready=100 pending=0 claimed=0 cancelled=0 unfinished=100 research=0 chunk_tickets=0 scheduler=deadline_queue
[15:02:07] [Server thread/INFO] [io.gi.su.ad.AdvancedRocketryCommunity/]: ARCE_RELEASE_TEST_FLIGHT_REPORT entity=11e0ec87-3ba5-46a6-82c5-5ad7ac4694d4 logical=72a1c61e-4c9f-4ab1-8550-ffd1d7c9d5e5 snapshot=7891a7767f2c15e1f37f0167c7856289a58d0f4e3eb5eb92195dd957a5fa4714 dimension=minecraft:overworld state=ASSEMBLED fuel=0 capacity=128000 passengers=0 transfer=none origin=640,100,640 blocks=2048
[15:07:07] [Server thread/INFO] [minecraft/MinecraftServer]: Saved the game
[15:12:07] [Server thread/INFO] [minecraft/MinecraftServer]: Saved the game
[15:12:07] [Server thread/INFO] [io.gi.su.ad.AdvancedRocketryCommunity/]: ARCE_SATELLITE_EVIDENCE satellites=100 missions=100 active=0 ready=100 pending=0 claimed=0 cancelled=0 unfinished=100 research=0 chunk_tickets=0 scheduler=deadline_queue
[15:12:07] [Server thread/INFO] [io.gi.su.ad.AdvancedRocketryCommunity/]: ARCE_RELEASE_TEST_FLIGHT_REPORT entity=11e0ec87-3ba5-46a6-82c5-5ad7ac4694d4 logical=72a1c61e-4c9f-4ab1-8550-ffd1d7c9d5e5 snapshot=7891a7767f2c15e1f37f0167c7856289a58d0f4e3eb5eb92195dd957a5fa4714 dimension=minecraft:overworld state=ASSEMBLED fuel=0 capacity=128000 passengers=0 transfer=none origin=640,100,640 blocks=2048
[15:17:07] [Server thread/INFO] [minecraft/MinecraftServer]: Saved the game
[15:22:06] [Server thread/INFO] [io.gi.su.ad.AdvancedRocketryCommunity/]: ARCE_SATELLITE_EVIDENCE satellites=100 missions=100 active=0 ready=100 pending=0 claimed=0 cancelled=0 unfinished=100 research=0 chunk_tickets=0 scheduler=deadline_queue
[15:22:06] [Server thread/INFO] [minecraft/MinecraftServer]: Saved the game
[15:22:20] [Server thread/INFO] [minecraft/DedicatedServer]: Done (2.344s)! For help, type "help"
[15:22:21] [Server thread/INFO] [io.gi.su.ad.AdvancedRocketryCommunity/]: ARCE_STATION_REGION_DUMP count=10
[15:22:21] [Server thread/INFO] [io.gi.su.ad.AdvancedRocketryCommunity/]: ARCE_STATION_REGION station=934e1ff2-d0b8-47ee-a32d-c1d23d8a6c98 owner=00000000-0000-0000-0000-000000000704 cell=-1,1 region=-1280,768,-769,1279 members=0
[15:22:21] [Server thread/INFO] [io.gi.su.ad.AdvancedRocketryCommunity/]: ARCE_STATION_REGION station=b10027d2-4df5-41e6-9c20-baa00b2706c6 owner=00000000-0000-0000-0000-000000000703 cell=0,1 region=-256,768,255,1279 members=0
[15:22:21] [Server thread/INFO] [io.gi.su.ad.AdvancedRocketryCommunity/]: ARCE_STATION_REGION station=ceee0025-9192-4356-a6cc-ca6f9c515019 owner=00000000-0000-0000-0000-000000000709 cell=2,-1 region=1792,-1280,2303,-769 members=0
[15:22:21] [Server thread/INFO] [io.gi.su.ad.AdvancedRocketryCommunity/]: ARCE_STATION_REGION station=14b532d8-2dfb-46eb-8552-f6d880edceb6 owner=00000000-0000-0000-0000-000000000702 cell=1,1 region=768,768,1279,1279 members=0
[15:22:21] [Server thread/INFO] [io.gi.su.ad.AdvancedRocketryCommunity/]: ARCE_STATION_REGION station=29f2772a-6825-4401-ab00-d2503551ce30 owner=00000000-0000-0000-0000-000000000706 cell=-1,-1 region=-1280,-1280,-769,-769 members=0
[15:22:21] [Server thread/INFO] [io.gi.su.ad.AdvancedRocketryCommunity/]: ARCE_STATION_REGION station=30c34c81-bef9-4fff-ab3f-1e3a1721bc1a owner=00000000-0000-0000-0000-000000000707 cell=0,-1 region=-256,-1280,255,-769 members=0
[15:22:21] [Server thread/INFO] [io.gi.su.ad.AdvancedRocketryCommunity/]: ARCE_STATION_REGION station=46ca6409-464e-4666-8cd5-708f18bc776e owner=00000000-0000-0000-0000-000000000708 cell=1,-1 region=768,-1280,1279,-769 members=0
[15:22:21] [Server thread/INFO] [io.gi.su.ad.AdvancedRocketryCommunity/]: ARCE_STATION_REGION station=5873b69b-bc79-43eb-b382-1d122df7a2d2 owner=00000000-0000-0000-0000-000000000701 cell=1,0 region=768,-256,1279,255 members=0
[15:22:21] [Server thread/INFO] [io.gi.su.ad.AdvancedRocketryCommunity/]: ARCE_STATION_REGION station=5b37e602-c04b-4a93-9c27-ef506a3f3c5a owner=00000000-0000-0000-0000-000000000705 cell=-1,0 region=-1280,-256,-769,255 members=0
[15:22:21] [Server thread/INFO] [io.gi.su.ad.AdvancedRocketryCommunity/]: ARCE_STATION_REGION station=6b271ba4-887b-4254-9747-a1ad706053e4 owner=00000000-0000-0000-0000-000000000700 cell=0,0 region=-256,-256,255,255 members=0
[15:22:21] [Server thread/INFO] [io.gi.su.ad.AdvancedRocketryCommunity/]: ARCE_SATELLITE_EVIDENCE satellites=100 missions=100 active=0 ready=100 pending=0 claimed=0 cancelled=0 unfinished=100 research=0 chunk_tickets=0 scheduler=deadline_queue
[15:22:21] [Server thread/INFO] [io.gi.su.ad.AdvancedRocketryCommunity/]: ARCE_ROCKET_ENTITY_ACTIVE entity=11e0ec87-3ba5-46a6-82c5-5ad7ac4694d4 operational=true snapshot=7891a7767f2c15e1f37f0167c7856289a58d0f4e3eb5eb92195dd957a5fa4714 flight_state=ASSEMBLED fuel=0
[15:22:21] [Server thread/INFO] [io.gi.su.ad.AdvancedRocketryCommunity/]: ARCE_RELEASE_TEST_FLIGHT_REPORT entity=11e0ec87-3ba5-46a6-82c5-5ad7ac4694d4 logical=72a1c61e-4c9f-4ab1-8550-ffd1d7c9d5e5 snapshot=7891a7767f2c15e1f37f0167c7856289a58d0f4e3eb5eb92195dd957a5fa4714 dimension=minecraft:overworld state=ASSEMBLED fuel=0 capacity=128000 passengers=0 transfer=none origin=640,100,640 blocks=2048
[15:22:22] [Server thread/INFO] [minecraft/MinecraftServer]: Saved the game
