[11:02:38] [Server thread/INFO] [io.gi.su.ad.AdvancedRocketryCommunity/]: ARCE_ROCKET_SCAN_QUEUED operation=assemble dimension=minecraft:overworld assembler=384, 100, 384 owner=00000000-0000-0000-0000-000000000005
[11:02:38] [Server thread/INFO] [io.gi.su.ad.AdvancedRocketryCommunity/]: ARCE_ROCKET_TRANSACTION operation=assembly code=SUCCESS blocks=5 snapshot=95dc76f9b2dce3d9654433ba11a2a2b5691c0e7c91a211b365208c7e85b3f322 entity=cef1fc1d-b765-40fc-8e68-a153ec3fb5b7
[11:02:39] [Server thread/INFO] [io.gi.su.ad.AdvancedRocketryCommunity/]: ARCE_ROCKET_ENTITY_ACTIVE entity=cef1fc1d-b765-40fc-8e68-a153ec3fb5b7 operational=true snapshot=95dc76f9b2dce3d9654433ba11a2a2b5691c0e7c91a211b365208c7e85b3f322 flight_state=ASSEMBLED fuel=0
[11:02:39] [Server thread/INFO] [io.gi.su.ad.AdvancedRocketryCommunity/]: ARCE_RELEASE_TEST_FLIGHT_REPORT entity=cef1fc1d-b765-40fc-8e68-a153ec3fb5b7 logical=987a4ad1-4f62-40c8-9078-765191082f2d snapshot=95dc76f9b2dce3d9654433ba11a2a2b5691c0e7c91a211b365208c7e85b3f322 dimension=minecraft:overworld state=ASSEMBLED fuel=0 capacity=1000 passengers=0 transfer=none origin=384,101,384 blocks=5
[11:02:39] [Server thread/INFO] [io.gi.su.ad.AdvancedRocketryCommunity/]: ARCE_RELEASE_TEST_REFUEL entity=cef1fc1d-b765-40fc-8e68-a153ec3fb5b7 logical=987a4ad1-4f62-40c8-9078-765191082f2d dimension=minecraft:overworld state_before=ASSEMBLED state_after=FUELED amount=1000 capacity=1000
[11:02:39] [Server thread/INFO] [io.gi.su.ad.AdvancedRocketryCommunity/]: ARCE_TRANSFER_PREPARE transfer=e1e3740e-02a3-4f2e-913d-07815b5d9322 logical=987a4ad1-4f62-40c8-9078-765191082f2d source=minecraft:overworld destination=advancedrocketrycommunity:moon code=SUCCESS candidates=1 chunks=1 detail=selected
[11:02:39] [Server thread/INFO] [io.gi.su.ad.AdvancedRocketryCommunity/]: ARCE_RELEASE_TEST_LAUNCH request=e1e3740e-02a3-4f2e-913d-07815b5d9322 entity=cef1fc1d-b765-40fc-8e68-a153ec3fb5b7 logical=987a4ad1-4f62-40c8-9078-765191082f2d source=minecraft:overworld destination=advancedrocketrycommunity:moon checkpoint=DESTINATION_SPAWNED code=SUCCESS required_fuel=372 fuel_before=1000
[11:02:41] [Server thread/INFO] [io.gi.su.ad.AdvancedRocketryCommunity/]: ARCE_TRANSFER_PHASE transfer=e1e3740e-02a3-4f2e-913d-07815b5d9322 logical=987a4ad1-4f62-40c8-9078-765191082f2d phase=PREPARED event=countdown_complete entity=cef1fc1d-b765-40fc-8e68-a153ec3fb5b7 fuel_before=1000 fuel_after=628 required=372
[11:02:45] [Server thread/INFO] [io.gi.su.ad.AdvancedRocketryCommunity/]: ARCE_TRANSFER_PHASE transfer=e1e3740e-02a3-4f2e-913d-07815b5d9322 logical=987a4ad1-4f62-40c8-9078-765191082f2d phase=PREPARED event=ascent_complete entity=cef1fc1d-b765-40fc-8e68-a153ec3fb5b7 fuel_before=1000 fuel_after=628 required=372
[11:02:46] [Server thread/INFO] [io.gi.su.ad.AdvancedRocketryCommunity/]: ARCE_TRANSFER_PHASE transfer=e1e3740e-02a3-4f2e-913d-07815b5d9322 logical=987a4ad1-4f62-40c8-9078-765191082f2d phase=DESTINATION_SPAWNED event=destination_spawned entity=70aa84cc-93df-4f37-af8f-58abe4978589 fuel_before=1000 fuel_after=628 required=372
[11:02:46] [Server thread/INFO] [io.gi.su.ad.AdvancedRocketryCommunity/]: ARCE_RELEASE_TEST_FLIGHT_PAUSED checkpoint=DESTINATION_SPAWNED transfer=e1e3740e-02a3-4f2e-913d-07815b5d9322 phase=DESTINATION_SPAWNED state=DESCENT entity=70aa84cc-93df-4f37-af8f-58abe4978589
[11:02:46] [Server thread/INFO] [io.gi.su.ad.AdvancedRocketryCommunity/]: ARCE_ROCKET_ENTITY_ACTIVE entity=70aa84cc-93df-4f37-af8f-58abe4978589 operational=true snapshot=a3a7654ac7ffe66ddad69b7d264a7a95a616c245765d1e8c5aa0f5294081e6b9 flight_state=DESCENT fuel=628
[11:02:46] [Server thread/INFO] [io.gi.su.ad.AdvancedRocketryCommunity/]: ARCE_RELEASE_TEST_FLIGHT_REPORT entity=70aa84cc-93df-4f37-af8f-58abe4978589 logical=987a4ad1-4f62-40c8-9078-765191082f2d snapshot=a3a7654ac7ffe66ddad69b7d264a7a95a616c245765d1e8c5aa0f5294081e6b9 dimension=advancedrocketrycommunity:moon state=DESCENT fuel=628 capacity=1000 passengers=0 transfer=e1e3740e-02a3-4f2e-913d-07815b5d9322 origin=8,80,8 blocks=5
[11:02:46] [Server thread/INFO] [minecraft/MinecraftServer]: Saved the game
[11:02:59] [Server thread/INFO] [minecraft/DedicatedServer]: Done (2.291s)! For help, type "help"
[11:03:00] [Server thread/INFO] [io.gi.su.ad.AdvancedRocketryCommunity/]: ARCE_ROCKET_ENTITY_ACTIVE entity=70aa84cc-93df-4f37-af8f-58abe4978589 operational=true snapshot=a3a7654ac7ffe66ddad69b7d264a7a95a616c245765d1e8c5aa0f5294081e6b9 flight_state=DESCENT fuel=628
[11:03:01] [Server thread/INFO] [io.gi.su.ad.AdvancedRocketryCommunity/]: ARCE_ROCKET_ENTITY_REMOVED entity=cef1fc1d-b765-40fc-8e68-a153ec3fb5b7 reason=DISCARDED operational=true
[11:03:01] [Server thread/WARN] [io.gi.su.ad.AdvancedRocketryCommunity/]: ARCE_TRANSFER_RECOVERY transfer=e1e3740e-02a3-4f2e-913d-07815b5d9322 phase=DESTINATION_SPAWNED source_count=1 destination_count=1 action=REMOVE_SOURCE_KEEP_DESTINATION status=RECOVERED
[11:03:01] [Server thread/INFO] [io.gi.su.ad.AdvancedRocketryCommunity/]: ARCE_TRANSFER_PHASE transfer=e1e3740e-02a3-4f2e-913d-07815b5d9322 logical=987a4ad1-4f62-40c8-9078-765191082f2d phase=PASSENGERS_TRANSFERRED event=passengers_transferred entity=70aa84cc-93df-4f37-af8f-58abe4978589 fuel_before=1000 fuel_after=628 required=372
[11:03:01] [Server thread/INFO] [io.gi.su.ad.AdvancedRocketryCommunity/]: ARCE_TRANSFER_PHASE transfer=e1e3740e-02a3-4f2e-913d-07815b5d9322 logical=987a4ad1-4f62-40c8-9078-765191082f2d phase=SOURCE_REMOVED event=source_removed entity=70aa84cc-93df-4f37-af8f-58abe4978589 fuel_before=1000 fuel_after=628 required=372
[11:03:01] [Server thread/INFO] [io.gi.su.ad.AdvancedRocketryCommunity/]: ARCE_TRANSFER_PHASE transfer=e1e3740e-02a3-4f2e-913d-07815b5d9322 logical=987a4ad1-4f62-40c8-9078-765191082f2d phase=COMMITTED event=committed entity=70aa84cc-93df-4f37-af8f-58abe4978589 fuel_before=1000 fuel_after=628 required=372
[11:03:02] [Server thread/INFO] [io.gi.su.ad.AdvancedRocketryCommunity/]: ARCE_TRANSFER_PHASE transfer=e1e3740e-02a3-4f2e-913d-07815b5d9322 logical=987a4ad1-4f62-40c8-9078-765191082f2d phase=COMMITTED event=landing_complete entity=70aa84cc-93df-4f37-af8f-58abe4978589 fuel_before=1000 fuel_after=628 required=372
[11:03:02] [Server thread/INFO] [io.gi.su.ad.AdvancedRocketryCommunity/]: ARCE_TRANSFER_PHASE transfer=e1e3740e-02a3-4f2e-913d-07815b5d9322 logical=987a4ad1-4f62-40c8-9078-765191082f2d phase=COMMITTED event=landed_reservation_retained entity=70aa84cc-93df-4f37-af8f-58abe4978589 fuel_before=1000 fuel_after=628 required=372
[11:03:02] [Server thread/INFO] [io.gi.su.ad.AdvancedRocketryCommunity/]: ARCE_RELEASE_TEST_FLIGHT_REPORT entity=70aa84cc-93df-4f37-af8f-58abe4978589 logical=987a4ad1-4f62-40c8-9078-765191082f2d snapshot=a3a7654ac7ffe66ddad69b7d264a7a95a616c245765d1e8c5aa0f5294081e6b9 dimension=advancedrocketrycommunity:moon state=LANDED fuel=628 capacity=1000 passengers=0 transfer=none origin=8,80,8 blocks=5
[11:03:02] [Server thread/INFO] [io.gi.su.ad.AdvancedRocketryCommunity/]: ARCE_ROCKET_ENTITY_REMOVED entity=70aa84cc-93df-4f37-af8f-58abe4978589 reason=DISCARDED operational=true
[11:03:02] [Server thread/INFO] [io.gi.su.ad.AdvancedRocketryCommunity/]: ARCE_TRANSFER_PHASE transfer=e1e3740e-02a3-4f2e-913d-07815b5d9322 logical=987a4ad1-4f62-40c8-9078-765191082f2d phase=COMMITTED event=landed_reservation_released entity=70aa84cc-93df-4f37-af8f-58abe4978589 fuel_before=1000 fuel_after=628 required=372
[11:03:03] [Server thread/INFO] [io.gi.su.ad.AdvancedRocketryCommunity/]: ARCE_RELEASE_TEST_DISASSEMBLY entity=70aa84cc-93df-4f37-af8f-58abe4978589 logical=987a4ad1-4f62-40c8-9078-765191082f2d code=SUCCESS blocks=5 rolled_back=0
[11:03:03] [Server thread/INFO] [minecraft/MinecraftServer]: Saved the game
